 robot_diff_sfun

 Timestamp is 5734bf58 (Thu May 12 12:37:28 2016)

 Preferred load address is 0000000180000000

 Start         Length     Name                   Class
 0001:00000000 0004a014H .text                   CODE
 0001:0004a020 00000092H .text$x                 CODE
 0002:00000000 00000490H .idata$5                DATA
 0002:00000490 00000008H .CRT$XCA                DATA
 0002:00000498 00000008H .CRT$XCZ                DATA
 0002:000004a0 00000008H .CRT$XIA                DATA
 0002:000004a8 00000008H .CRT$XIAA               DATA
 0002:000004b0 00000008H .CRT$XIZ                DATA
 0002:000004c0 00004b0cH .rdata                  DATA
 0002:00004fd0 00000008H .rtc$IAA                DATA
 0002:00004fd8 00000008H .rtc$IZZ                DATA
 0002:00004fe0 00000008H .rtc$TAA                DATA
 0002:00004fe8 00000008H .rtc$TZZ                DATA
 0002:00004ff0 000044ccH .xdata                  DATA
 0002:000094bc 000000a0H .idata$2                DATA
 0002:0000955c 00000014H .idata$3                DATA
 0002:00009570 00000490H .idata$4                DATA
 0002:00009a00 00000a9aH .idata$6                DATA
 0002:0000a4a0 00000055H .edata                  DATA
 0003:00000000 00006c58H .data                   DATA
 0003:00006c60 000026b8H .bss                    DATA
 0004:00000000 000037f8H .pdata                  DATA

  Address         Publics by Value              Rva+Base               Lib:Object

 0000:00000000       ___safe_se_handler_count   0000000000000000     <absolute>
 0000:00000000       ___safe_se_handler_table   0000000000000000     <absolute>
 0000:00000000       __ImageBase                0000000180000000     <linker-defined>
 0001:00000000       sf_c1_robot_diff_get_eml_resolved_functions_info 0000000180001000 f   c1_robot_diff.obj
 0001:00000af0       sf_c1_robot_diff_get_check_sum 0000000180001af0 f   c1_robot_diff.obj
 0001:00000b70       sf_c1_robot_diff_get_autoinheritance_info 0000000180001b70 f   c1_robot_diff.obj
 0001:000019d0       sf_internal_get_sim_state_c1_robot_diff 00000001800029d0 f   c1_robot_diff.obj
 0001:00001ed0       sf_internal_set_sim_state_c1_robot_diff 0000000180002ed0 f   c1_robot_diff.obj
 0001:00002390       sf_c1_robot_diff_get_testpoint_info 0000000180003390 f   c1_robot_diff.obj
 0001:000023d0       c1_robot_diff_method_dispatcher 00000001800033d0 f   c1_robot_diff.obj
 0001:000065f0       sf_c2_robot_diff_get_eml_resolved_functions_info 00000001800075f0 f   c2_robot_diff.obj
 0001:000073f0       sf_c2_robot_diff_get_check_sum 00000001800083f0 f   c2_robot_diff.obj
 0001:00007470       sf_c2_robot_diff_get_autoinheritance_info 0000000180008470 f   c2_robot_diff.obj
 0001:00007ef0       sf_internal_get_sim_state_c2_robot_diff 0000000180008ef0 f   c2_robot_diff.obj
 0001:000082b0       sf_internal_set_sim_state_c2_robot_diff 00000001800092b0 f   c2_robot_diff.obj
 0001:000087a0       sf_c2_robot_diff_get_testpoint_info 00000001800097a0 f   c2_robot_diff.obj
 0001:000087e0       c2_robot_diff_method_dispatcher 00000001800097e0 f   c2_robot_diff.obj
 0001:0000c3a0       sf_c3_robot_diff_get_eml_resolved_functions_info 000000018000d3a0 f   c3_robot_diff.obj
 0001:0000d1a0       sf_c3_robot_diff_get_check_sum 000000018000e1a0 f   c3_robot_diff.obj
 0001:0000d220       sf_c3_robot_diff_get_autoinheritance_info 000000018000e220 f   c3_robot_diff.obj
 0001:0000da20       sf_internal_get_sim_state_c3_robot_diff 000000018000ea20 f   c3_robot_diff.obj
 0001:0000de60       sf_internal_set_sim_state_c3_robot_diff 000000018000ee60 f   c3_robot_diff.obj
 0001:0000e2d0       sf_c3_robot_diff_get_testpoint_info 000000018000f2d0 f   c3_robot_diff.obj
 0001:0000e310       c3_robot_diff_method_dispatcher 000000018000f310 f   c3_robot_diff.obj
 0001:000116d0       sf_c4_robot_diff_get_eml_resolved_functions_info 00000001800126d0 f   c4_robot_diff.obj
 0001:00011d70       sf_c4_robot_diff_get_check_sum 0000000180012d70 f   c4_robot_diff.obj
 0001:00011df0       sf_c4_robot_diff_get_autoinheritance_info 0000000180012df0 f   c4_robot_diff.obj
 0001:00012210       sf_internal_get_sim_state_c4_robot_diff 0000000180013210 f   c4_robot_diff.obj
 0001:00012600       sf_internal_set_sim_state_c4_robot_diff 0000000180013600 f   c4_robot_diff.obj
 0001:00012b00       sf_c4_robot_diff_get_testpoint_info 0000000180013b00 f   c4_robot_diff.obj
 0001:00012b40       c4_robot_diff_method_dispatcher 0000000180013b40 f   c4_robot_diff.obj
 0001:00014e20       sf_c5_robot_diff_get_eml_resolved_functions_info 0000000180015e20 f   c5_robot_diff.obj
 0001:00014ea0       sf_c5_robot_diff_get_check_sum 0000000180015ea0 f   c5_robot_diff.obj
 0001:00014f20       sf_c5_robot_diff_get_autoinheritance_info 0000000180015f20 f   c5_robot_diff.obj
 0001:000155e0       sf_internal_get_sim_state_c5_robot_diff 00000001800165e0 f   c5_robot_diff.obj
 0001:00015ae0       sf_internal_set_sim_state_c5_robot_diff 0000000180016ae0 f   c5_robot_diff.obj
 0001:00015fa0       sf_c5_robot_diff_get_testpoint_info 0000000180016fa0 f   c5_robot_diff.obj
 0001:00015fe0       c5_robot_diff_method_dispatcher 0000000180016fe0 f   c5_robot_diff.obj
 0001:00018070       sf_process_check_sum_call  0000000180019070 f   robot_diff_sfun_registry.obj
 0001:000180c0       sf_process_testpoint_info_call 00000001800190c0 f   robot_diff_sfun_registry.obj
 0001:00018110       sf_process_autoinheritance_call 0000000180019110 f   robot_diff_sfun_registry.obj
 0001:000182b0       sf_process_get_eml_resolved_functions_info_call 00000001800192b0 f   robot_diff_sfun_registry.obj
 0001:00018430       sf_mex_unlock_call         0000000180019430 f   robot_diff_sfun_registry.obj
 0001:000184e0       sf_machine_global_initializer_called 00000001800194e0 f   robot_diff_sfun_registry.obj
 0001:00018510       sf_machine_global_method_dispatcher 0000000180019510 f   robot_diff_sfun_registry.obj
 0001:00018570       sf_machine_global_terminator 0000000180019570 f   robot_diff_sfun_registry.obj
 0001:000185b0       sf_register_machine_exported_symbols 00000001800195b0 f   robot_diff_sfun_registry.obj
 0001:000185d0       callCustomFcn              00000001800195d0 f   robot_diff_sfun_registry.obj
 0001:000185e0       sf_machine_global_initializer 00000001800195e0 f   robot_diff_sfun_registry.obj
 0001:00018650       _ssSetStateAbsTol          0000000180019650 f   robot_diff_sfun_registry.obj
 0001:00018730       _ssGetAbsTol               0000000180019730 f   robot_diff_sfun_registry.obj
 0001:000187a0       _ssSetInputPortMatrixDimensions 00000001800197a0 f   robot_diff_sfun_registry.obj
 0001:000188b0       _ssSetOutputPortMatrixDimensions 00000001800198b0 f   robot_diff_sfun_registry.obj
 0001:000189c0       _ssSetInputPortVectorDimension 00000001800199c0 f   robot_diff_sfun_registry.obj
 0001:00018a90       _ssSetOutputPortVectorDimension 0000000180019a90 f   robot_diff_sfun_registry.obj
 0001:00018b60       ssIsRunTimeParamTunable    0000000180019b60 f   robot_diff_sfun_registry.obj
 0001:00018bd0       ssGetSFuncBlockHandle      0000000180019bd0 f   robot_diff_sfun_registry.obj
 0001:00018c40       _ssGetCurrentInputPortWidth 0000000180019c40 f   robot_diff_sfun_registry.obj
 0001:00018d60       _ssGetCurrentOutputPortWidth 0000000180019d60 f   robot_diff_sfun_registry.obj
 0001:00018e80       _ssGetCallSystemNumFcnCallDestinations 0000000180019e80 f   robot_diff_sfun_registry.obj
 0001:00018ef0       ssWarning                  0000000180019ef0 f   robot_diff_sfun_registry.obj
 0001:00019000       ssGetIsZeroCrossControlDisabled 000000018001a000 f   robot_diff_sfun_registry.obj
 0001:00019070       ssSetIsInputPortUsedForContZcSignal 000000018001a070 f   robot_diff_sfun_registry.obj
 0001:000190e0       ssSetZcSignalIsZcElementDisc 000000018001a0e0 f   robot_diff_sfun_registry.obj
 0001:00019190       ssSetZcSignalName          000000018001a190 f   robot_diff_sfun_registry.obj
 0001:00019200       ssSetZcSignalWidth         000000018001a200 f   robot_diff_sfun_registry.obj
 0001:00019270       ssSetZcSignalZcEventType   000000018001a270 f   robot_diff_sfun_registry.obj
 0001:000192e0       ssSetZcSignalType          000000018001a2e0 f   robot_diff_sfun_registry.obj
 0001:00019350       ssSetZcSignalZcTol         000000018001a350 f   robot_diff_sfun_registry.obj
 0001:000193c0       ssSetZcSignalNeedsEventNotification 000000018001a3c0 f   robot_diff_sfun_registry.obj
 0001:00019430       ssCreateAndAddZcSignalInfo 000000018001a430 f   robot_diff_sfun_registry.obj
 0001:000194a0       ssCloneAndAddZcSignalInfo  000000018001a4a0 f   robot_diff_sfun_registry.obj
 0001:00019510       ssGetNumZcSignals          000000018001a510 f   robot_diff_sfun_registry.obj
 0001:00019580       ssGetZcSignalVector        000000018001a580 f   robot_diff_sfun_registry.obj
 0001:000195f0       ssGetZcSignalZcEvents      000000018001a5f0 f   robot_diff_sfun_registry.obj
 0001:00019660       ssGetZcSignalName          000000018001a660 f   robot_diff_sfun_registry.obj
 0001:000196d0       ssGetZcSignalWidth         000000018001a6d0 f   robot_diff_sfun_registry.obj
 0001:00019740       ssGetZcSignalZcEventType   000000018001a740 f   robot_diff_sfun_registry.obj
 0001:000197b0       ssGetZcSignalType          000000018001a7b0 f   robot_diff_sfun_registry.obj
 0001:00019820       ssGetZcSignalZcTol         000000018001a820 f   robot_diff_sfun_registry.obj
 0001:000198a0       ssGetZcSignalNeedsEventNotification 000000018001a8a0 f   robot_diff_sfun_registry.obj
 0001:00019910       ssGetZcSignalIsZcElementDisc 000000018001a910 f   robot_diff_sfun_registry.obj
 0001:000199b0       ssGetIsInputPortElementContinuous 000000018001a9b0 f   robot_diff_sfun_registry.obj
 0001:00019a50       _ssGetInputPortSignalPtrsFcn 000000018001aa50 f   robot_diff_sfun_registry.obj
 0001:00019d10       _ssGetInputPortSignalFcn   000000018001ad10 f   robot_diff_sfun_registry.obj
 0001:00019f30       _ssSetInputPortDirectFeedThroughFcn 000000018001af30 f   robot_diff_sfun_registry.obj
 0001:0001a090       _ssSetInputPortReusableFcn 000000018001b090 f   robot_diff_sfun_registry.obj
 0001:0001a180       _ssSetOutputPortReusableFcn 000000018001b180 f   robot_diff_sfun_registry.obj
 0001:0001a260       ssGetDTypeIdFromMxArray    000000018001b260 f   robot_diff_sfun_registry.obj
 0001:0001a380       ssWriteRTWStr              000000018001b380 f   robot_diff_sfun_registry.obj
 0001:0001a3e0       ssWriteRTWMxVectParam      000000018001b3e0 f   robot_diff_sfun_registry.obj
 0001:0001a440       ssWriteRTWMx2dMatParam     000000018001b440 f   robot_diff_sfun_registry.obj
 0001:0001a4c0       ssWriteRTWNameValuePair    000000018001b4c0 f   robot_diff_sfun_registry.obj
 0001:0001a9b0       ssWriteRTWParameters       000000018001b9b0 f   robot_diff_sfun_registry.obj
 0001:0001afb0       ssWriteRTWParamSettings    000000018001bfb0 f   robot_diff_sfun_registry.obj
 0001:0001b680       ssWriteRTWWorkVect         000000018001c680 f   robot_diff_sfun_registry.obj
 0001:0001bb80       mexFunction                000000018001cb80 f   robot_diff_sfun_registry.obj
 0001:0001d7e0       ProcessMexSfunctionEveryCall 000000018001e7e0 f   robot_diff_sfun_registry.obj
 0001:0001d950       robot_diff_initializer     000000018001e950 f   robot_diff_sfun.obj
 0001:0001d960       robot_diff_terminator      000000018001e960 f   robot_diff_sfun.obj
 0001:0001d970       sf_robot_diff_method_dispatcher 000000018001e970 f   robot_diff_sfun.obj
 0001:0001da40       sf_robot_diff_process_testpoint_info_call 000000018001ea40 f   robot_diff_sfun.obj
 0001:0001dc30       sf_robot_diff_process_check_sum_call 000000018001ec30 f   robot_diff_sfun.obj
 0001:0001e090       sf_robot_diff_autoinheritance_info 000000018001f090 f   robot_diff_sfun.obj
 0001:0001e340       sf_robot_diff_get_eml_resolved_functions_info 000000018001f340 f   robot_diff_sfun.obj
 0001:0001e580       robot_diff_debug_initialize 000000018001f580 f   robot_diff_sfun.obj
 0001:0001e5f0       robot_diff_register_exported_symbols 000000018001f5f0 f   robot_diff_sfun.obj
 0001:0001e600       load_robot_diff_optimization_info 000000018001f600 f   robot_diff_sfun.obj
 0001:0001e650       unload_robot_diff_optimization_info 000000018001f650 f   robot_diff_sfun.obj
 0001:0001e720       sf_mex_mx_is_numeric       000000018001f720 f   sfc_mex:sfc_mex.obj
 0001:0001e760       strcmp_ignore_ws           000000018001f760 f   sfc_mex:sfc_mex.obj
 0001:0001e8a0       sf_mex_duplicatearraysafe  000000018001f8a0 f   sfc_mex:sfc_mex.obj
 0001:0001ea00       sf_set_error_debugger_context_message_fcn 000000018001fa00 f   sfc_mex:sfc_mex.obj
 0001:0001ea10       sf_set_debugger_matlab_error_fcn 000000018001fa10 f   sfc_mex:sfc_mex.obj
 0001:0001ea40       sf_set_error_prefix_string 000000018001fa40 f   sfc_mex:sfc_mex.obj
 0001:0001ea70       sf_get_error_prefix_string 000000018001fa70 f   sfc_mex:sfc_mex.obj
 0001:0001ea80       sf_mex_enter_parallel_region 000000018001fa80 f   sfc_mex:sfc_mex.obj
 0001:0001ea90       sf_mex_exit_parallel_region 000000018001fa90 f   sfc_mex:sfc_mex.obj
 0001:0001eaa0       sf_get_current_jmp_buf_ptr 000000018001faa0 f   sfc_mex:sfc_mex.obj
 0001:0001eab0       sf_set_current_jmp_buf_ptr 000000018001fab0 f   sfc_mex:sfc_mex.obj
 0001:0001eac0       sf_mex_set_halt_simulation 000000018001fac0 f   sfc_mex:sfc_mex.obj
 0001:0001ead0       sf_mex_get_halt_simulation 000000018001fad0 f   sfc_mex:sfc_mex.obj
 0001:0001eae0       sf_mex_clear_error_message 000000018001fae0 f   sfc_mex:sfc_mex.obj
 0001:0001eb00       sf_mex_get_error_message_for_read 000000018001fb00 f   sfc_mex:sfc_mex.obj
 0001:0001eb10       sf_mex_get_error_message_buffer_length 000000018001fb10 f   sfc_mex:sfc_mex.obj
 0001:0001ebf0       sf_mex_warning_message     000000018001fbf0 f   sfc_mex:sfc_mex.obj
 0001:0001ec60       sf_mex_v_errbuf_createf    000000018001fc60 f   sfc_mex:sfc_mex.obj
 0001:0001ec70       sf_mex_errbuf_createf      000000018001fc70 f   sfc_mex:sfc_mex.obj
 0001:0001eca0       sf_mex_v_errbuf_catf       000000018001fca0 f   sfc_mex:sfc_mex.obj
 0001:0001ece0       sf_mex_errbuf_catf         000000018001fce0 f   sfc_mex:sfc_mex.obj
 0001:0001ed30       sf_mex_errbuf_copy         000000018001fd30 f   sfc_mex:sfc_mex.obj
 0001:0001ed40       sf_mex_errbuf_clear        000000018001fd40 f   sfc_mex:sfc_mex.obj
 0001:0001ed50       sf_mex_errbuf_isempty      000000018001fd50 f   sfc_mex:sfc_mex.obj
 0001:0001ee60       sf_mex_set_error_status    000000018001fe60 f   sfc_mex:sfc_mex.obj
 0001:0001eeb0       sf_mex_error_direct_call   000000018001feb0 f   sfc_mex:sfc_mex.obj
 0001:0001eed0       sf_mex_error_message_no_long_jump 000000018001fed0 f   sfc_mex:sfc_mex.obj
 0001:0001eef0       sf_mex_long_jump_on_error  000000018001fef0 f   sfc_mex:sfc_mex.obj
 0001:0001ef20       sf_mex_call_matlab         000000018001ff20 f   sfc_mex:sfc_mex.obj
 0001:0001f040       sf_mex_check_builtin       0000000180020040 f   sfc_mex:sfc_mex.obj
 0001:0001f080       sf_mex_check_builtin_vs    0000000180020080 f   sfc_mex:sfc_mex.obj
 0001:0001f0e0       sf_mex_check_enum          00000001800200e0 f   sfc_mex:sfc_mex.obj
 0001:0001f110       sf_mex_create_enum         0000000180020110 f   sfc_mex:sfc_mex.obj
 0001:0001f130       sf_mex_get_enum_element    0000000180020130 f   sfc_mex:sfc_mex.obj
 0001:0001f140       sf_mex_createcellarray     0000000180020140 f   sfc_mex:sfc_mex.obj
 0001:0001f150       sf_mex_setcell             0000000180020150 f   sfc_mex:sfc_mex.obj
 0001:0001f160       sf_mex_getcell             0000000180020160 f   sfc_mex:sfc_mex.obj
 0001:0001f170       sf_mex_dup                 0000000180020170 f   sfc_mex:sfc_mex.obj
 0001:0001f190       sf_mex_assign              0000000180020190 f   sfc_mex:sfc_mex.obj
 0001:0001f210       sf_mex_destroy             0000000180020210 f   sfc_mex:sfc_mex.obj
 0001:0001f240       mx_array_has_fi_type       0000000180020240 f   sfc_mex:sfc_mex.obj
 0001:0001f270       sf_mex_convert_from_fi     0000000180020270 f   sfc_mex:sfc_mex.obj
 0001:0001f320       sf_mex_convert_to_double   0000000180020320 f   sfc_mex:sfc_mex.obj
 0001:0001f440       sf_mex_import_fi_vs        0000000180020440 f   sfc_mex:sfc_mex.obj
 0001:0001f600       sf_matrix_matrix_index_ok  0000000180020600 f   sfc_mex:sfc_mex.obj
 0001:0001f690       sf_vector_vector_index_ok  0000000180020690 f   sfc_mex:sfc_mex.obj
 0001:0001f6c0       ssGetCurrentInputPortDimensions_wrapper 00000001800206c0 f   sfc_mex:sfc_mex.obj
 0001:0001f6e0       ssGetCurrentOutputPortDimensions_wrapper 00000001800206e0 f   sfc_mex:sfc_mex.obj
 0001:0001f700       sf_mex_emlrt_context_is_debug_mode 0000000180020700 f   sfc_mex:sfc_mex.obj
 0001:0001f710       sf_mex_emlrt_context_set_debug_mode 0000000180020710 f   sfc_mex:sfc_mex.obj
 0001:0001f780       sf_clear_error_manager_info 0000000180020780 f   sfc_mex:sfc_mex.obj
 0001:0001f7e0       sf_mex_stop_simulation_abruptly_wo_error 00000001800207e0 f   sfc_mex:sfc_mex.obj
 0001:0001f820       sf_mex_error_message       0000000180020820 f   sfc_mex:sfc_mex.obj
 0001:0001f880       sf_react_to_error_in_matlab_call 0000000180020880 f   sfc_mex:sfc_mex.obj
 0001:0001f8b0       sf_mex_addfield            00000001800208b0 f   sfc_mex:sfc_mex.obj
 0001:0001f950       sf_mex_getfield            0000000180020950 f   sfc_mex:sfc_mex.obj
 0001:0001fc50       sf_mex_check_class         0000000180020c50 f   sfc_mex:sfc_mex.obj
 0001:0001fd40       sf_mex_is_real             0000000180020d40 f   sfc_mex:sfc_mex.obj
 0001:000201b0       sf_mex_decode_encoded_mx_struct_array 00000001800211b0 f   sfc_mex:sfc_mex.obj
 0001:00020490       sf_mex_lw_bounds_check     0000000180021490 f   sfc_mex:sfc_mex.obj
 0001:000204c0       sf_mex_lw_size_eq_check_1d 00000001800214c0 f   sfc_mex:sfc_mex.obj
 0001:000204e0       sf_mex_lw_size_eq_check_nd 00000001800214e0 f   sfc_mex:sfc_mex.obj
 0001:000206c0       sf_mex_lw_dim_size_eq_check 00000001800216c0 f   sfc_mex:sfc_mex.obj
 0001:000206f0       sf_mex_lw_dim_size_geq_check 00000001800216f0 f   sfc_mex:sfc_mex.obj
 0001:00020720       sf_mex_lw_sub_assign_size_check_nd 0000000180021720 f   sfc_mex:sfc_mex.obj
 0001:00020950       sf_mex_lw_runtime_error_msgid 0000000180021950 f   sfc_mex:sfc_mex.obj
 0001:00020a40       sf_mex_lw_matrix_matrix_index_check 0000000180021a40 f   sfc_mex:sfc_mex.obj
 0001:00020a60       sf_mex_lw_vector_vector_index_check 0000000180021a60 f   sfc_mex:sfc_mex.obj
 0001:00020aa0       sf_mex_lw_for_loop_vector_check 0000000180021aa0 f   sfc_mex:sfc_mex.obj
 0001:00020b20       sf_mex_lw_non_negative_check 0000000180021b20 f   sfc_mex:sfc_mex.obj
 0001:00020b60       sf_mex_overflow_error      0000000180021b60 f   sfc_mex:sfc_mex.obj
 0001:00020b70       sf_mex_dividebyzero_error  0000000180021b70 f   sfc_mex:sfc_mex.obj
 0001:00020b80       sf_mex_unsafe_enum_error   0000000180021b80 f   sfc_mex:sfc_mex.obj
 0001:00020b90       sf_emlrtErrHandler         0000000180021b90 f   sfc_mex:sfc_mex.obj
 0001:00020c70       sf_mex_printf              0000000180021c70 f   sfc_mex:sfc_mex.obj
 0001:00020e40       sf_mex_check_size          0000000180021e40 f   sfc_mex:sfc_mex.obj
 0001:00021110       sf_mex_check_struct        0000000180022110 f   sfc_mex:sfc_mex.obj
 0001:00021370       sf_mex_check_struct_vs     0000000180022370 f   sfc_mex:sfc_mex.obj
 0001:00021400       sf_mex_check_fi            0000000180022400 f   sfc_mex:sfc_mex.obj
 0001:00021500       sf_mex_check_fi_vs         0000000180022500 f   sfc_mex:sfc_mex.obj
 0001:000215a0       sf_echo_expression         00000001800225a0 f   sfc_mex:sfc_mex.obj
 0001:00021600       sf_assertion_failed        0000000180022600 f   sfc_mex:sfc_mex.obj
 0001:000218e0       sf_mex_evalin              00000001800228e0 f   sfc_mex:sfc_mex.obj
 0001:00021b50       sf_mex_export              0000000180022b50 f   sfc_mex:sfc_mex.obj
 0001:00021c10       sf_mex_get_ml_var_no_error 0000000180022c10 f   sfc_mex:sfc_mex.obj
 0001:00021db0       sf_mex_get_ml_var          0000000180022db0 f   sfc_mex:sfc_mex.obj
 0001:00022250       ml_set_element_value_in_array 0000000180023250 f   sfc_mex:sfc_mex.obj
 0001:00023920       sf_mex_call_impl           0000000180024920 f   sfc_mex:sfc_mex.obj
 0001:00023e50       sf_mex_call_debug          0000000180024e50 f   sfc_mex:sfc_mex.obj
 0001:00023e80       sf_mex_call                0000000180024e80 f   sfc_mex:sfc_mex.obj
 0001:000244d0       sf_mex_createstruct        00000001800254d0 f   sfc_mex:sfc_mex.obj
 0001:000245c0       sf_mex_createstructarray   00000001800255c0 f   sfc_mex:sfc_mex.obj
 0001:00024640       sf_mex_get_mx_datatype_from_sf_datatype 0000000180025640 f   sfc_mex:sfc_mex.obj
 0001:00024950       sf_mex_ml_var_sub          0000000180025950 f   sfc_mex:sfc_mex.obj
 0001:00024b20       sf_mex_ml_var_subsasgn     0000000180025b20 f   sfc_mex:sfc_mex.obj
 0001:00024f10       sf_mex_sub                 0000000180025f10 f   sfc_mex:sfc_mex.obj
 0001:00025110       sf_mex_subsasgn            0000000180026110 f   sfc_mex:sfc_mex.obj
 0001:000255f0       sf_mex_create              00000001800265f0 f   sfc_mex:sfc_mex.obj
 0001:00026040       sf_mex_import_named        0000000180027040 f   sfc_mex:sfc_mex.obj
 0001:000260a0       sf_mex_import              00000001800270a0 f   sfc_mex:sfc_mex.obj
 0001:000260f0       sf_mex_import_vs           00000001800270f0 f   sfc_mex:sfc_mex.obj
 0001:00026200       sf_mex_lower_fixpt_mx_array 0000000180027200 f   sfc_mex:sfc_mex.obj
 0001:000264f0       sf_send_message_wrapper    00000001800274f0 f   sfc_mex:sfc_sf.obj
 0001:00026520       sf_receive_message_wrapper 0000000180027520 f   sfc_mex:sfc_sf.obj
 0001:00026560       sf_check_out_message_wrapper 0000000180027560 f   sfc_mex:sfc_sf.obj
 0001:000265a0       sf_check_in_message_wrapper 00000001800275a0 f   sfc_mex:sfc_sf.obj
 0001:000265e0       sf_no_message_wrapper      00000001800275e0 f   sfc_mex:sfc_sf.obj
 0001:00026920       sim_mode_is_rtw_gen        0000000180027920 f   sfc_mex:sfc_sf.obj
 0001:00026950       sim_mode_is_external       0000000180027950 f   sfc_mex:sfc_sf.obj
 0001:00026960       sim_mode_is_modelref_sim   0000000180027960 f   sfc_mex:sfc_sf.obj
 0001:00026980       mdlInitializeSizes         0000000180027980 f   sfc_mex:sfc_sf.obj
 0001:000269a0       mdlInitializeSampleTimes   00000001800279a0 f   sfc_mex:sfc_sf.obj
 0001:000269e0       mdlZeroCrossings           00000001800279e0 f   sfc_mex:sfc_sf.obj
 0001:00026ac0       mdlDerivatives             0000000180027ac0 f   sfc_mex:sfc_sf.obj
 0001:00026b70       mdl_initialize_conditions_processing 0000000180027b70 f   sfc_mex:sfc_sf.obj
 0001:00026ba0       mdlInitializeConditions    0000000180027ba0 f   sfc_mex:sfc_sf.obj
 0001:00026c60       mdlGetSimState             0000000180027c60 f   sfc_mex:sfc_sf.obj
 0001:00026c70       mdlSetSimState             0000000180027c70 f   sfc_mex:sfc_sf.obj
 0001:00026c80       mdl_ext_mode_exec_processing 0000000180027c80 f   sfc_mex:sfc_sf.obj
 0001:00026ca0       mdlExtModeExec             0000000180027ca0 f   sfc_mex:sfc_sf.obj
 0001:00026e30       mdlTerminate               0000000180027e30 f   sfc_mex:sfc_sf.obj
 0001:00026ea0       mdlRTW                     0000000180027ea0 f   sfc_mex:sfc_sf.obj
 0001:00026ed0       mdlSetWorkWidths           0000000180027ed0 f   sfc_mex:sfc_sf.obj
 0001:00026ee0       mdlProcessParameters       0000000180027ee0 f   sfc_mex:sfc_sf.obj
 0001:00026ef0       mdl_start_processing       0000000180027ef0 f   sfc_mex:sfc_sf.obj
 0001:00026f30       mdlStart                   0000000180027f30 f   sfc_mex:sfc_sf.obj
 0001:00027020       mdlEnable                  0000000180028020 f   sfc_mex:sfc_sf.obj
 0001:000270f0       mdlDisable                 00000001800280f0 f   sfc_mex:sfc_sf.obj
 0001:000271a0       sf_get_chart_instance_ptr  00000001800281a0 f   sfc_mex:sfc_sf.obj
 0001:000271c0       sf_load_rtw_optimization_info 00000001800281c0 f   sfc_mex:sfc_sf.obj
 0001:00027290       sf_rtw_info_uint_prop      0000000180028290 f   sfc_mex:sfc_sf.obj
 0001:000273e0       sf_is_chart_inlinable      00000001800283e0 f   sfc_mex:sfc_sf.obj
 0001:000273f0       sf_mark_output_events_with_multiple_callers 00000001800283f0 f   sfc_mex:sfc_sf.obj
 0001:00027570       sf_mark_chart_reusable_outputs 0000000180028570 f   sfc_mex:sfc_sf.obj
 0001:000277b0       sf_mark_chart_expressionable_inputs 00000001800287b0 f   sfc_mex:sfc_sf.obj
 0001:00027a10       sf_get_subchart_simstruct  0000000180028a10 f   sfc_mex:sfc_sf.obj
 0001:00027a60       sf_get_fixpt_data_type_id  0000000180028a60 f   sfc_mex:sfc_sf.obj
 0001:00027aa0       sf_get_enum_data_type_id   0000000180028aa0 f   sfc_mex:sfc_sf.obj
 0001:00027ae0       sf_get_param_data_type_id  0000000180028ae0 f   sfc_mex:sfc_sf.obj
 0001:00027b10       sf_mex_listen_for_ctrl_c_force 0000000180028b10 f   sfc_mex:sfc_sf.obj
 0001:00027c20       sf_mex_draw_now            0000000180028c20 f   sfc_mex:sfc_sf.obj
 0001:00027c60       sf_mex_set_debugger_sim_status_listener_fcn 0000000180028c60 f   sfc_mex:sfc_sf.obj
 0001:00027c70       sf_mex_listen_for_ctrl_c   0000000180028c70 f   sfc_mex:sfc_sf.obj
 0001:00027d00       sf_mex_get_sfun_param      0000000180028d00 f   sfc_mex:sfc_sf.obj
 0001:00027d50       sf_get_runtime_param_data  0000000180028d50 f   sfc_mex:sfc_sf.obj
 0001:00027d90       sf_call_output_fcn_call    0000000180028d90 f   sfc_mex:sfc_sf.obj
 0001:00027ed0       sf_call_output_fcn_enable  0000000180028ed0 f   sfc_mex:sfc_sf.obj
 0001:00027f60       sf_call_output_fcn_disable 0000000180028f60 f   sfc_mex:sfc_sf.obj
 0001:00027ff0       sf_clear_rtw_identifier    0000000180028ff0 f   sfc_mex:sfc_sf.obj
 0001:000287e0       sf_set_encoded_dwork_info  00000001800297e0 f   sfc_mex:sfc_sf.obj
 0001:00028830       sf_get_dwork_info_from_mat_file 0000000180029830 f   sfc_mex:sfc_sf.obj
 0001:000289f0       sf_set_rtw_dwork_info      00000001800299f0 f   sfc_mex:sfc_sf.obj
 0001:00028b40       mdlOutputs                 0000000180029b40 f   sfc_mex:sfc_sf.obj
 0001:00028ce0       sf_debug_disp              0000000180029ce0 f   sfc_debug:sfcdebug.obj
 0001:00028f40       sf_debug_data_runtime_size_mismatch_error_check 0000000180029f40 f   sfc_debug:sfcdebug.obj
 0001:00028fe0       sf_debug_try_loading_machine 0000000180029fe0 f   sfc_debug:sfcdebug.obj
 0001:000290e0       sf_debug_reset_current_state_configuration 000000018002a0e0 f   sfc_debug:sfcdebug.obj
 0001:00029170       sf_debug_store_current_state_configuration 000000018002a170 f   sfc_debug:sfcdebug.obj
 0001:00029200       sf_debug_restore_previous_state_configuration 000000018002a200 f   sfc_debug:sfcdebug.obj
 0001:00029290       sf_debug_restore_previous_state_configuration2 000000018002a290 f   sfc_debug:sfcdebug.obj
 0001:00029320       sf_debug_get_event_scope   000000018002a320 f   sfc_debug:sfcdebug.obj
 0001:00029490       use_debugger_step_animation 000000018002a490 f   sfc_debug:sfcdebug.obj
 0001:000294b0       sf_debug_get_script_id     000000018002a4b0 f   sfc_debug:sfcdebug.obj
 0001:00029540       sf_debug_set_script_translation 000000018002a540 f   sfc_debug:sfcdebug.obj
 0001:00029600       sf_debug_get_current_machine_id 000000018002a600 f   sfc_debug:sfcdebug.obj
 0001:00029620       sf_debug_get_current_optional_integer 000000018002a620 f   sfc_debug:sfcdebug.obj
 0001:00029630       sf_debug_get_current_machine_number 000000018002a630 f   sfc_debug:sfcdebug.obj
 0001:00029650       sf_debug_get_current_machine_name 000000018002a650 f   sfc_debug:sfcdebug.obj
 0001:00029670       sf_debug_get_current_chart_id 000000018002a670 f   sfc_debug:sfcdebug.obj
 0001:000296c0       sf_debug_get_current_chart_number 000000018002a6c0 f   sfc_debug:sfcdebug.obj
 0001:000296d0       sf_debug_get_current_instance_number 000000018002a6d0 f   sfc_debug:sfcdebug.obj
 0001:000296e0       sf_debug_get_current_is_minor_time_step 000000018002a6e0 f   sfc_debug:sfcdebug.obj
 0001:00029760       sf_debug_get_current_object_type 000000018002a760 f   sfc_debug:sfcdebug.obj
 0001:00029770       sf_debug_get_current_instance_handle 000000018002a770 f   sfc_debug:sfcdebug.obj
 0001:000297d0       sf_debug_get_current_event_type 000000018002a7d0 f   sfc_debug:sfcdebug.obj
 0001:000297e0       sf_debug_get_current_object_id 000000018002a7e0 f   sfc_debug:sfcdebug.obj
 0001:00029820       sf_debug_get_current_active_event_type 000000018002a820 f   sfc_debug:sfcdebug.obj
 0001:00029830       sf_debug_get_current_active_event_id 000000018002a830 f   sfc_debug:sfcdebug.obj
 0001:00029870       sf_debug_get_current_tag_type 000000018002a870 f   sfc_debug:sfcdebug.obj
 0001:00029880       sf_debug_get_current_simulation_time 000000018002a880 f   sfc_debug:sfcdebug.obj
 0001:00029890       sf_debug_get_current_coverage_percentage 000000018002a890 f   sfc_debug:sfcdebug.obj
 0001:000298a0       sf_debug_current_statement_context 000000018002a8a0 f   sfc_debug:sfcdebug.obj
 0001:00029930       sf_debug_get_current_statement_info 000000018002a930 f   sfc_debug:sfcdebug.obj
 0001:00029ab0       sf_debug_terminate_instance 000000018002aab0 f   sfc_debug:sfcdebug.obj
 0001:00029dc0       sf_debug_assertion_failed  000000018002adc0 f   sfc_debug:sfcdebug.obj
 0001:00029f70       sf_debug_set_number_of_data_with_change_event_for_machine 000000018002af70 f   sfc_debug:sfcdebug.obj
 0001:00029fb0       sf_debug_set_machine_event_thresholds 000000018002afb0 f   sfc_debug:sfcdebug.obj
 0001:00029fd0       sf_debug_set_machine_event_scope 000000018002afd0 f   sfc_debug:sfcdebug.obj
 0001:0002a010       sf_debug_set_machine_data_thresholds 000000018002b010 f   sfc_debug:sfcdebug.obj
 0001:0002a050       sf_debug_set_machine_data_scope 000000018002b050 f   sfc_debug:sfcdebug.obj
 0001:0002a0e0       sf_debug_set_machine_data_name 000000018002b0e0 f   sfc_debug:sfcdebug.obj
 0001:0002a180       sf_debug_set_machine_data_size 000000018002b180 f   sfc_debug:sfcdebug.obj
 0001:0002a2c0       sf_debug_set_machine_data_type 000000018002b2c0 f   sfc_debug:sfcdebug.obj
 0001:0002a430       sf_debug_get_chart_data_number 000000018002b430 f   sfc_debug:sfcdebug.obj
 0001:0002a450       sf_debug_get_chart_event_number 000000018002b450 f   sfc_debug:sfcdebug.obj
 0001:0002a470       sf_debug_set_chart_state_info 000000018002b470 f   sfc_debug:sfcdebug.obj
 0001:0002a4f0       sf_debug_set_chart_decomposition 000000018002b4f0 f   sfc_debug:sfcdebug.obj
 0001:0002a560       sf_debug_set_chart_substate_count 000000018002b560 f   sfc_debug:sfcdebug.obj
 0001:0002a640       sf_debug_set_chart_substate_index 000000018002b640 f   sfc_debug:sfcdebug.obj
 0001:0002a6b0       sf_debug_set_chart_state_substate_count 000000018002b6b0 f   sfc_debug:sfcdebug.obj
 0001:0002a7c0       sf_debug_set_chart_state_substate_index 000000018002b7c0 f   sfc_debug:sfcdebug.obj
 0001:0002a840       sf_debug_set_number_of_data_with_change_event_for_chart 000000018002b840 f   sfc_debug:sfcdebug.obj
 0001:0002a8c0       sf_debug_set_number_of_states_with_entry_event_for_chart 000000018002b8c0 f   sfc_debug:sfcdebug.obj
 0001:0002a930       sf_debug_set_number_of_states_with_exit_event_for_chart 000000018002b930 f   sfc_debug:sfcdebug.obj
 0001:0002a9a0       sf_debug_set_chart_disable_implicit_casting 000000018002b9a0 f   sfc_debug:sfcdebug.obj
 0001:0002aa10       sf_debug_set_chart_event_thresholds 000000018002ba10 f   sfc_debug:sfcdebug.obj
 0001:0002aa80       sf_debug_set_chart_data_compiled_props 000000018002ba80 f   sfc_debug:sfcdebug.obj
 0001:0002add0       sf_debug_set_chart_data_props 000000018002bdd0 f   sfc_debug:sfcdebug.obj
 0001:0002b0f0       sf_debug_check_fi_license  000000018002c0f0 f   sfc_debug:sfcdebug.obj
 0001:0002b2e0       sf_debug_symbol_scope_push 000000018002c2e0 f   sfc_debug:sfcdebug.obj
 0001:0002b320       sf_debug_symbol_scope_push_eml 000000018002c320 f   sfc_debug:sfcdebug.obj
 0001:0002b370       sf_debug_symbol_scope_pop  000000018002c370 f   sfc_debug:sfcdebug.obj
 0001:0002b3b0       sf_debug_symbol_scope_add_importable 000000018002c3b0 f   sfc_debug:sfcdebug.obj
 0001:0002b430       sf_debug_symbol_scope_add  000000018002c430 f   sfc_debug:sfcdebug.obj
 0001:0002b4b0       sf_debug_symbol_scope_add_dyn_importable 000000018002c4b0 f   sfc_debug:sfcdebug.obj
 0001:0002b570       sf_debug_symbol_scope_add_dyn 000000018002c570 f   sfc_debug:sfcdebug.obj
 0001:0002b5a0       sf_debug_symbol_scope_add_eml_importable 000000018002c5a0 f   sfc_debug:sfcdebug.obj
 0001:0002b5e0       sf_debug_symbol_scope_add_eml 000000018002c5e0 f   sfc_debug:sfcdebug.obj
 0001:0002b620       sf_debug_symbol_scope_add_eml_dyn_importable 000000018002c620 f   sfc_debug:sfcdebug.obj
 0001:0002b690       sf_debug_symbol_scope_add_eml_dyn 000000018002c690 f   sfc_debug:sfcdebug.obj
 0001:0002b6f0       sf_debug_symbol_switch     000000018002c6f0 f   sfc_debug:sfcdebug.obj
 0001:0002b710       sf_debug_symbol_scope_add_verbose 000000018002c710 f   sfc_debug:sfcdebug.obj
 0001:0002b7e0       sf_debug_set_machine_data_value_ptr 000000018002c7e0 f   sfc_debug:sfcdebug.obj
 0001:0002b820       sf_debug_set_instance_data_value_ptr 000000018002c820 f   sfc_debug:sfcdebug.obj
 0001:0002b8e0       sf_debug_unset_instance_data_value_ptr 000000018002c8e0 f   sfc_debug:sfcdebug.obj
 0001:0002b990       sf_debug_set_chart_event_scope 000000018002c990 f   sfc_debug:sfcdebug.obj
 0001:0002ba10       sf_debug_set_chart_transition_coverage_maps 000000018002ca10 f   sfc_debug:sfcdebug.obj
 0001:0002bb20       sf_debug_set_chart_state_coverage_maps 000000018002cb20 f   sfc_debug:sfcdebug.obj
 0001:0002bc00       sf_debug_set_instance_transition_coverage_weights 000000018002cc00 f   sfc_debug:sfcdebug.obj
 0001:0002bca0       sf_debug_set_instance_state_coverage_weights 000000018002cca0 f   sfc_debug:sfcdebug.obj
 0001:0002bef0       sf_debug_unload_machine    000000018002cef0 f   sfc_debug:sfcdebug.obj
 0001:0002bf40       sf_debug_load_machine      000000018002cf40 f   sfc_debug:sfcdebug.obj
 0001:0002c040       sf_debug_set_active_instance_in_data_dictionary 000000018002d040 f   sfc_debug:sfcdebug.obj
 0001:0002c220       sf_debug_set_active_instance 000000018002d220 f   sfc_debug:sfcdebug.obj
 0001:0002c360       sf_debug_chart_visiblity_change 000000018002d360 f   sfc_debug:sfcdebug.obj
 0001:0002c440       sf_debug_select_chart      000000018002d440 f   sfc_debug:sfcdebug.obj
 0001:0002c510       sf_debug_set_instance_cv_ids 000000018002d510 f   sfc_debug:sfcdebug.obj
 0001:0002c820       sf_debug_select_charts     000000018002d820 f   sfc_debug:sfcdebug.obj
 0001:0002c960       sf_debug_initialized       000000018002d960 f   sfc_debug:sfcdebug.obj
 0001:0002c970       sf_debug_is_uninterruptible 000000018002d970 f   sfc_debug:sfcdebug.obj
 0001:0002c9a0       sf_debug_initialize_debugger_gui 000000018002d9a0 f   sfc_debug:sfcdebug.obj
 0001:0002cd90       sf_debug_resume            000000018002dd90 f   sfc_debug:sfcdebug.obj
 0001:0002cdb0       sf_debug_go                000000018002ddb0 f   sfc_debug:sfcdebug.obj
 0001:0002cdc0       sf_debug_break             000000018002ddc0 f   sfc_debug:sfcdebug.obj
 0001:0002cdd0       sf_debug_step_over         000000018002ddd0 f   sfc_debug:sfcdebug.obj
 0001:0002cde0       sf_debug_step_out          000000018002dde0 f   sfc_debug:sfcdebug.obj
 0001:0002cdf0       sf_debug_set_disable_all_breakpoints 000000018002ddf0 f   sfc_debug:sfcdebug.obj
 0001:0002ce00       sf_debug_disable_all_breakpoints_and_go 000000018002de00 f   sfc_debug:sfcdebug.obj
 0001:0002ce10       sf_debug_break_on_chart_entry 000000018002de10 f   sfc_debug:sfcdebug.obj
 0001:0002ce20       sf_debug_break_on_event_broadcast 000000018002de20 f   sfc_debug:sfcdebug.obj
 0001:0002ce30       sf_debug_break_on_state_entry 000000018002de30 f   sfc_debug:sfcdebug.obj
 0001:0002ce40       sf_debug_break_between_times 000000018002de40 f   sfc_debug:sfcdebug.obj
 0001:0002ce60       sf_debug_browse_data       000000018002de60 f   sfc_debug:sfcdebug.obj
 0001:0002ce80       sf_debug_watch_data        000000018002de80 f   sfc_debug:sfcdebug.obj
 0001:0002cea0       sf_debug_assign_data       000000018002dea0 f   sfc_debug:sfcdebug.obj
 0001:0002cec0       sf_debug_whos              000000018002dec0 f   sfc_debug:sfcdebug.obj
 0001:0002cee0       sf_debug_get_consistency_info 000000018002dee0 f   sfc_debug:sfcdebug.obj
 0001:0002cef0       sf_debug_browse_trace      000000018002def0 f   sfc_debug:sfcdebug.obj
 0001:0002cf00       sf_debug_set_breakpoints   000000018002df00 f   sfc_debug:sfcdebug.obj
 0001:0002d060       sf_debug_set_eml_breakpoints 000000018002e060 f   sfc_debug:sfcdebug.obj
 0001:0002d1c0       sf_debug_set_script_breakpoints 000000018002e1c0 f   sfc_debug:sfcdebug.obj
 0001:0002d240       sf_debug_add_script_breakpoints 000000018002e240 f   sfc_debug:sfcdebug.obj
 0001:0002d2b0       sf_debug_clear_script_breakpoints 000000018002e2b0 f   sfc_debug:sfcdebug.obj
 0001:0002d320       sf_debug_query_script_breakpoints 000000018002e320 f   sfc_debug:sfcdebug.obj
 0001:0002d3e0       sf_debug_get_eml_script_id 000000018002e3e0 f   sfc_debug:sfcdebug.obj
 0001:0002d430       sf_debug_set_watch         000000018002e430 f   sfc_debug:sfcdebug.obj
 0001:0002d660       sf_debug_get_instance_handle 000000018002e660 f   sfc_debug:sfcdebug.obj
 0001:0002d6f0       sf_debug_get_active_states 000000018002e6f0 f   sfc_debug:sfcdebug.obj
 0001:0002d700       sf_debug_get_animation     000000018002e700 f   sfc_debug:sfcdebug.obj
 0001:0002d710       sf_debug_set_animation     000000018002e710 f   sfc_debug:sfcdebug.obj
 0001:0002d720       sf_debug_animate           000000018002e720 f   sfc_debug:sfcdebug.obj
 0001:0002d750       sf_debug_cycle_detection_check 000000018002e750 f   sfc_debug:sfcdebug.obj
 0001:0002d760       sf_debug_data_range_check  000000018002e760 f   sfc_debug:sfcdebug.obj
 0001:0002d770       sf_debug_transition_conflict_check 000000018002e770 f   sfc_debug:sfcdebug.obj
 0001:0002d780       sf_debug_state_consistency_check 000000018002e780 f   sfc_debug:sfcdebug.obj
 0001:0002d790       sf_debug_data_range_check_enabled 000000018002e790 f   sfc_debug:sfcdebug.obj
 0001:0002d7b0       sf_debug_transition_conflict_check_enabled 000000018002e7b0 f   sfc_debug:sfcdebug.obj
 0001:0002d7d0       sf_debug_transition_conflict_check_begin 000000018002e7d0 f   sfc_debug:sfcdebug.obj
 0001:0002d7f0       sf_debug_transition_conflict_check_end 000000018002e7f0 f   sfc_debug:sfcdebug.obj
 0001:0002d810       sf_debug_stop_debugging    000000018002e810 f   sfc_debug:sfcdebug.obj
 0001:0002d840       sf_debug_is_cycle_detected 000000018002e840 f   sfc_debug:sfcdebug.obj
 0001:0002d850       sf_debug_is_array_bounds_detected 000000018002e850 f   sfc_debug:sfcdebug.obj
 0001:0002d860       sf_debug_get_state_vectors_data_size 000000018002e860 f   sfc_debug:sfcdebug.obj
 0001:0002d8a0       sf_debug_get_state_vectors_data 000000018002e8a0 f   sfc_debug:sfcdebug.obj
 0001:0002d9a0       sf_debug_set_state_vectors_data 000000018002e9a0 f   sfc_debug:sfcdebug.obj
 0001:0002dc60       sf_debug_get_script_index  000000018002ec60 f   sfc_debug:sfcdebug.obj
 0001:0002ddf0       sf_debug_add_script        000000018002edf0 f   sfc_debug:sfcdebug.obj
 0001:0002df80       cv_eval_point              000000018002ef80 f   sfc_debug:sfcdebug.obj
 0001:0002e0f0       sf_debug_cv_init_state     000000018002f0f0 f   sfc_debug:sfcdebug.obj
 0001:0002e210       sf_debug_cv_init_chart     000000018002f210 f   sfc_debug:sfcdebug.obj
 0001:0002e2f0       sf_debug_cv_init_trans     000000018002f2f0 f   sfc_debug:sfcdebug.obj
 0001:0002e4d0       cv_eml_init_script         000000018002f4d0 f   sfc_debug:sfcdebug.obj
 0001:0002e5d0       cv_eml_init_fcn            000000018002f5d0 f   sfc_debug:sfcdebug.obj
 0001:0002e680       cv_eml_init_testobjective  000000018002f680 f   sfc_debug:sfcdebug.obj
 0001:0002e750       cv_eml_init_if             000000018002f750 f   sfc_debug:sfcdebug.obj
 0001:0002e820       cv_eml_init_for            000000018002f820 f   sfc_debug:sfcdebug.obj
 0001:0002e8e0       cv_eml_init_while          000000018002f8e0 f   sfc_debug:sfcdebug.obj
 0001:0002e9a0       cv_eml_init_mcdc           000000018002f9a0 f   sfc_debug:sfcdebug.obj
 0001:0002eab0       cv_eml_init_switch         000000018002fab0 f   sfc_debug:sfcdebug.obj
 0001:0002eba0       cv_eml_eval                000000018002fba0 f   sfc_debug:sfcdebug.obj
 0001:0002ec80       sf_debug_bm_is_a_eml_breakpoint 000000018002fc80 f   sfc_debug:sfcdebug.obj
 0001:0002edd0       sf_debug_temporal_threshold 000000018002fdd0 f   sfc_debug:sfcdebug.obj
 0001:0002f130       sf_debug_transition_conflict_error 0000000180030130 f   sfc_debug:sfcdebug.obj
 0001:0002f4b0       sf_debug_state_inconsistency_error 00000001800304b0 f   sfc_debug:sfcdebug.obj
 0001:0002f5d0       sf_debug_check_for_state_inconsistency 00000001800305d0 f   sfc_debug:sfcdebug.obj
 0001:0002f600       sf_debug_cycle_detecton_error 0000000180030600 f   sfc_debug:sfcdebug.obj
 0001:0002fdf0       sf_debug_size_eq_check_1d  0000000180030df0 f   sfc_debug:sfcdebug.obj
 0001:0002fe10       sf_debug_size_eq_check_nd  0000000180030e10 f   sfc_debug:sfcdebug.obj
 0001:0002fff0       sf_debug_dim_size_eq_check 0000000180030ff0 f   sfc_debug:sfcdebug.obj
 0001:00030020       sf_debug_dim_size_geq_check 0000000180031020 f   sfc_debug:sfcdebug.obj
 0001:00030050       sf_debug_sub_assign_size_check_nd 0000000180031050 f   sfc_debug:sfcdebug.obj
 0001:00030290       sf_debug_matrix_matrix_index_check 0000000180031290 f   sfc_debug:sfcdebug.obj
 0001:000302c0       sf_debug_vector_vector_index_check 00000001800312c0 f   sfc_debug:sfcdebug.obj
 0001:000302f0       sf_debug_for_loop_vector_check 00000001800312f0 f   sfc_debug:sfcdebug.obj
 0001:00030370       sf_debug_runtime_error_msgid 0000000180031370 f   sfc_debug:sfcdebug.obj
 0001:00030400       sf_debug_data_array_bounds_error_check 0000000180031400 f   sfc_debug:sfcdebug.obj
 0001:00030510       sf_debug_eml_data_array_bounds_error_check 0000000180031510 f   sfc_debug:sfcdebug.obj
 0001:000309f0       sf_debug_integer_check     00000001800319f0 f   sfc_debug:sfcdebug.obj
 0001:00030ad0       sf_debug_not_nan_check     0000000180031ad0 f   sfc_debug:sfcdebug.obj
 0001:00030b90       sf_debug_non_negative_check 0000000180031b90 f   sfc_debug:sfcdebug.obj
 0001:00030c50       sf_debug_overflow_detection 0000000180031c50 f   sfc_debug:sfcdebug.obj
 0001:00031340       sf_debug_cast_to_real32_T  0000000180032340 f   sfc_debug:sfcdebug.obj
 0001:00031400       sf_debug_cast_to_int8_T    0000000180032400 f   sfc_debug:sfcdebug.obj
 0001:000314c0       sf_debug_cast_to_uint8_T   00000001800324c0 f   sfc_debug:sfcdebug.obj
 0001:00031580       sf_debug_cast_to_int16_T   0000000180032580 f   sfc_debug:sfcdebug.obj
 0001:00031640       sf_debug_cast_to_uint16_T  0000000180032640 f   sfc_debug:sfcdebug.obj
 0001:00031700       sf_debug_cast_to_int32_T   0000000180032700 f   sfc_debug:sfcdebug.obj
 0001:000317c0       sf_debug_cast_to_uint32_T  00000001800327c0 f   sfc_debug:sfcdebug.obj
 0001:00031880       sf_debug_data_range_error  0000000180032880 f   sfc_debug:sfcdebug.obj
 0001:00031bd0       sf_debug_read_before_write_check 0000000180032bd0 f   sfc_debug:sfcdebug.obj
 0001:00031fc0       sf_debug_data_range_error_wrapper_min_max 0000000180032fc0 f   sfc_debug:sfcdebug.obj
 0001:000320b0       sf_debug_data_range_error_wrapper_min 00000001800330b0 f   sfc_debug:sfcdebug.obj
 0001:00032190       sf_debug_data_range_error_wrapper_max 0000000180033190 f   sfc_debug:sfcdebug.obj
 0001:00032270       sf_debug_data_range_wrapper 0000000180033270 f   sfc_debug:sfcdebug.obj
 0001:00032320       sf_debug_set_current_status_info 0000000180033320 f   sfc_debug:sfcdebug.obj
 0001:000326d0       sf_debug_call              00000001800336d0 f   sfc_debug:sfcdebug.obj
 0001:00033590       sf_debug_initialize_machine 0000000180034590 f   sfc_debug:sfcdebug.obj
 0001:000338a0       sf_debug_initialize_chart  00000001800348a0 f   sfc_debug:sfcdebug.obj
 0001:00033d80       sf_debug_ensure_script     0000000180034d80 f   sfc_debug:sfcdebug.obj
 0001:00033e40       cv_script_init_script      0000000180034e40 f   sfc_debug:sfcdebug.obj
 0001:00033f20       cv_script_init_fcn         0000000180034f20 f   sfc_debug:sfcdebug.obj
 0001:00033fd0       cv_script_init_testobjective 0000000180034fd0 f   sfc_debug:sfcdebug.obj
 0001:00034080       cv_script_init_if          0000000180035080 f   sfc_debug:sfcdebug.obj
 0001:00034130       cv_script_init_for         0000000180035130 f   sfc_debug:sfcdebug.obj
 0001:000341e0       cv_script_init_while       00000001800351e0 f   sfc_debug:sfcdebug.obj
 0001:00034290       cv_script_init_mcdc        0000000180035290 f   sfc_debug:sfcdebug.obj
 0001:00034390       cv_script_init_switch      0000000180035390 f   sfc_debug:sfcdebug.obj
 0001:00034470       cv_script_eval             0000000180035470 f   sfc_debug:sfcdebug.obj
 0001:00034550       eml_debug_line_call        0000000180035550 f   sfc_debug:sfcdebug.obj
 0001:00034700       sf_debug_terminate         0000000180035700 f   sfc_debug:sfcdebug.obj
 0001:00034870       sf_debug_set_script_cv_ids 0000000180035870 f   sfc_debug:sfcdebug.obj
 0001:00034a40       sf_debug_api               0000000180035a40 f   sfc_debug:sfc_api.obj
 0001:000361f0       sf_debug_sm_terminate      00000001800371f0 f   sfc_debug:sfdb_animation.obj
 0001:000363b0       sf_debug_reset_path_objects 00000001800373b0 f   sfc_debug:sfdb_animation.obj
 0001:00036430       sf_debug_sm_reset_object_selection_status 0000000180037430 f   sfc_debug:sfdb_animation.obj
 0001:000364d0       sf_debug_sm_reset_state_buffer 00000001800374d0 f   sfc_debug:sfdb_animation.obj
 0001:000365a0       sf_debug_sm_store_state_buffer 00000001800375a0 f   sfc_debug:sfdb_animation.obj
 0001:00036620       sf_debug_sm_restore_state_buffer1 0000000180037620 f   sfc_debug:sfdb_animation.obj
 0001:00036690       sf_debug_sm_restore_state_buffer2 0000000180037690 f   sfc_debug:sfdb_animation.obj
 0001:00036700       sf_debug_sm_chart_active   0000000180037700 f   sfc_debug:sfdb_animation.obj
 0001:00036750       sf_debug_sm_select_active_objects 0000000180037750 f   sfc_debug:sfdb_animation.obj
 0001:00036c00       sf_debug_sm_is_chart_active 0000000180037c00 f   sfc_debug:sfdb_animation.obj
 0001:00036c40       sf_debug_sm_is_state_active 0000000180037c40 f   sfc_debug:sfdb_animation.obj
 0001:00036e80       sf_debug_sm_get_active_states 0000000180037e80 f   sfc_debug:sfdb_animation.obj
 0001:00037440       sf_debug_sm_initialize_instance 0000000180038440 f   sfc_debug:sfdb_animation.obj
 0001:00037690       sf_debug_sm_change_object_selection_status 0000000180038690 f   sfc_debug:sfdb_animation.obj
 0001:00037980       cv_create_interface        0000000180038980 f   sfc_debug:cv_sfinterface.obj
 0001:00037ce0       cv_init_trans              0000000180038ce0 f   sfc_debug:cv_sfinterface.obj
 0001:00037d30       cv_init_state              0000000180038d30 f   sfc_debug:cv_sfinterface.obj
 0001:00037da0       cv_init_chart              0000000180038da0 f   sfc_debug:cv_sfinterface.obj
 0001:00037df0       cv_dec_update_call         0000000180038df0 f   sfc_debug:cv_sfinterface.obj
 0001:00037e30       cv_cond_update_call        0000000180038e30 f   sfc_debug:cv_sfinterface.obj
 0001:00037e70       cv_sigrange_update         0000000180038e70 f   sfc_debug:cv_sfinterface.obj
 0001:00037eb0       cvsf_eml_eval              0000000180038eb0 f   sfc_debug:cv_sfinterface.obj
 0001:00037f90       cvsf_eml_init_script       0000000180038f90 f   sfc_debug:cv_sfinterface.obj
 0001:00038010       cvsf_eml_init_fcn          0000000180039010 f   sfc_debug:cv_sfinterface.obj
 0001:00038070       cvsf_eml_init_testobjective 0000000180039070 f   sfc_debug:cv_sfinterface.obj
 0001:000380d0       cvsf_eml_init_if           00000001800390d0 f   sfc_debug:cv_sfinterface.obj
 0001:00038130       cvsf_eml_init_for          0000000180039130 f   sfc_debug:cv_sfinterface.obj
 0001:00038180       cvsf_eml_init_while        0000000180039180 f   sfc_debug:cv_sfinterface.obj
 0001:000381d0       cvsf_eml_init_mcdc         00000001800391d0 f   sfc_debug:cv_sfinterface.obj
 0001:00038260       cvsf_eml_init_switch       0000000180039260 f   sfc_debug:cv_sfinterface.obj
 0001:000382d0       cvsf_script_eval           00000001800392d0 f   sfc_debug:cv_sfinterface.obj
 0001:000383b0       cvsf_script_init_script    00000001800393b0 f   sfc_debug:cv_sfinterface.obj
 0001:00038430       cvsf_script_init_fcn       0000000180039430 f   sfc_debug:cv_sfinterface.obj
 0001:00038490       cvsf_script_init_testobjective 0000000180039490 f   sfc_debug:cv_sfinterface.obj
 0001:000384f0       cvsf_script_init_if        00000001800394f0 f   sfc_debug:cv_sfinterface.obj
 0001:00038550       cvsf_script_init_for       0000000180039550 f   sfc_debug:cv_sfinterface.obj
 0001:000385a0       cvsf_script_init_while     00000001800395a0 f   sfc_debug:cv_sfinterface.obj
 0001:000385f0       cvsf_script_init_mcdc      00000001800395f0 f   sfc_debug:cv_sfinterface.obj
 0001:00038680       cvsf_script_init_switch    0000000180039680 f   sfc_debug:cv_sfinterface.obj
 0001:000386f0       cv_destroy_interface       00000001800396f0 f   sfc_debug:cv_sfinterface.obj
 0001:00038710       cv_create_instance_objects 0000000180039710 f   sfc_debug:cv_sfinterface.obj
 0001:00038bc0       cv_is_enabled              0000000180039bc0 f   sfc_debug:cv_sfinterface.obj
 0001:00038bd0       sf_debug_cv_initialize_script 0000000180039bd0 f   sfc_debug:cv_sfinterface.obj
 0001:00038d80       sf_debug_cv_initialize_instance 0000000180039d80 f   sfc_debug:cv_sfinterface.obj
 0001:00039120       sf_debug_cv_terminate_chart 000000018003a120 f   sfc_debug:cv_sfinterface.obj
 0001:00039260       cv_call_trans_test         000000018003a260 f   sfc_debug:cv_sfinterface.obj
 0001:00039270       cv_call_sub_cond_test      000000018003a270 f   sfc_debug:cv_sfinterface.obj
 0001:000393a0       sf_debug_hm_initialize_instance 000000018003a3a0 f   sfc_debug:sfdb_handle_management.obj
 0001:00039920       sf_debug_hm_get_object_id  000000018003a920 f   sfc_debug:sfdb_handle_management.obj
 0001:0003b890       sf_debug_object_is_eml_function 000000018003c890 f   sfc_debug:sfdb_handle_management.obj
 0001:0003b900       sf_debug_hm_initialize_ids_in_machine 000000018003c900 f   sfc_debug:sfdb_handle_management.obj
 0001:0003ba70       sf_debug_hm_initialize_ids_in_chart 000000018003ca70 f   sfc_debug:sfdb_handle_management.obj
 0001:0003bbb0       sf_debug_hm_initialize_chart 000000018003cbb0 f   sfc_debug:sfdb_handle_management.obj
 0001:0003c360       sf_debug_hm_terminate      000000018003d360 f   sfc_debug:sfdb_handle_management.obj
 0001:0003c3c0       sf_debug_hm_initialize_machine 000000018003d3c0 f   sfc_debug:sfdb_handle_management.obj
 0001:0003cb70       sf_debug_st_initialize_machine 000000018003db70 f   sfc_debug:sfdb_data_browse.obj
 0001:0003cc30       sf_debug_st_initialize_instance 000000018003dc30 f   sfc_debug:sfdb_data_browse.obj
 0001:0003ce60       sf_debug_st_terminate      000000018003de60 f   sfc_debug:sfdb_data_browse.obj
 0001:0003d200       sf_debug_st_set_data_value_ptr_in_machine 000000018003e200 f   sfc_debug:sfdb_data_browse.obj
 0001:0003d290       sf_debug_st_set_data_value_ptr_in_instance 000000018003e290 f   sfc_debug:sfdb_data_browse.obj
 0001:0003d370       sf_debug_st_unset_data_value_ptr_in_machine 000000018003e370 f   sfc_debug:sfdb_data_browse.obj
 0001:0003d3e0       sf_debug_st_unset_data_value_ptr_in_instance 000000018003e3e0 f   sfc_debug:sfdb_data_browse.obj
 0001:0003d6f0       sf_debug_mx_value          000000018003e6f0 f   sfc_debug:sfdb_data_browse.obj
 0001:0003d750       sf_debug_mx_packed_vector  000000018003e750 f   sfc_debug:sfdb_data_browse.obj
 0001:0003d830       sf_debug_mx_uint_vector    000000018003e830 f   sfc_debug:sfdb_data_browse.obj
 0001:0003d8f0       sf_debug_st_get_double_value_from_void_ptr_vector 000000018003e8f0 f   sfc_debug:sfdb_data_browse.obj
 0001:0003e3e0       sf_debug_st_browse_data    000000018003f3e0 f   sfc_debug:sfdb_data_browse.obj
 0001:0003eb80       sf_debug_ss_initialize     000000018003fb80 f   sfc_debug:sfdb_symbol_scope.obj
 0001:0003eba0       sf_debug_ss_terminate      000000018003fba0 f   sfc_debug:sfdb_symbol_scope.obj
 0001:0003ec30       sf_debug_ss_push_symbol_scope 000000018003fc30 f   sfc_debug:sfdb_symbol_scope.obj
 0001:0003ed30       sf_debug_ss_push_symbol_scope_eml 000000018003fd30 f   sfc_debug:sfdb_symbol_scope.obj
 0001:0003ed90       sf_debug_ss_pop_symbol_scope 000000018003fd90 f   sfc_debug:sfdb_symbol_scope.obj
 0001:0003ee40       sf_debug_ss_add_symbol     000000018003fe40 f   sfc_debug:sfdb_symbol_scope.obj
 0001:0003efa0       sf_debug_ss_add_symbol_eml 000000018003ffa0 f   sfc_debug:sfdb_symbol_scope.obj
 0001:0003fc80       sf_debug_ss_set_data_value 0000000180040c80 f   sfc_debug:sfdb_symbol_scope.obj
 0001:00040120       sf_debug_ss_watch_data     0000000180041120 f   sfc_debug:sfdb_symbol_scope.obj
 0001:000401c0       sf_debug_ss_assign_data    00000001800411c0 f   sfc_debug:sfdb_symbol_scope.obj
 0001:00040bc0       get_data_entry_name        0000000180041bc0 f   sfc_debug:sfdb_symbol_scope.obj
 0001:00040c10       sf_debug_ss_whos           0000000180041c10 f   sfc_debug:sfdb_symbol_scope.obj
 0001:00041320       sf_debug_cc_initialize_chart 0000000180042320 f   sfc_debug:sfdb_coverage.obj
 0001:00041d10       sf_debug_cc_initialize_instance 0000000180042d10 f   sfc_debug:sfdb_coverage.obj
 0001:00042b10       sf_debug_cc_terminate      0000000180043b10 f   sfc_debug:sfdb_coverage.obj
 0001:00042c00       sf_debug_cc_set_transition_maps 0000000180043c00 f   sfc_debug:sfdb_coverage.obj
 0001:00042d30       sf_debug_cc_set_state_maps 0000000180043d30 f   sfc_debug:sfdb_coverage.obj
 0001:00042e10       sf_debug_cc_set_transition_weights 0000000180043e10 f   sfc_debug:sfdb_coverage.obj
 0001:000430e0       sf_debug_cc_set_state_weights 00000001800440e0 f   sfc_debug:sfdb_coverage.obj
 0001:000433b0       sf_debug_cc_mark_transition_guard 00000001800443b0 f   sfc_debug:sfdb_coverage.obj
 0001:00043440       sf_debug_cc_mark_transition_trigger 0000000180044440 f   sfc_debug:sfdb_coverage.obj
 0001:000434d0       sf_debug_cc_mark_transition_decision 00000001800444d0 f   sfc_debug:sfdb_coverage.obj
 0001:00043540       sf_debug_cc_mark_transition_condition_action 0000000180044540 f   sfc_debug:sfdb_coverage.obj
 0001:00043590       sf_debug_cc_mark_transition_transition_action 0000000180044590 f   sfc_debug:sfdb_coverage.obj
 0001:000435e0       sf_debug_cc_mark_state_entry 00000001800445e0 f   sfc_debug:sfdb_coverage.obj
 0001:00043630       sf_debug_cc_mark_state_during 0000000180044630 f   sfc_debug:sfdb_coverage.obj
 0001:00043680       sf_debug_cc_mark_state_exit 0000000180044680 f   sfc_debug:sfdb_coverage.obj
 0001:000436d0       sf_debug_bm_clear_script_breakpoints 00000001800446d0 f   sfc_debug:sfdb_breakpoints.obj
 0001:00043700       sf_debug_bm_set_script_breakpoint 0000000180044700 f   sfc_debug:sfdb_breakpoints.obj
 0001:00043780       sf_debug_bm_clear_single_script_breakpoint 0000000180044780 f   sfc_debug:sfdb_breakpoints.obj
 0001:00043800       sf_debug_bm_query_script_breakpoint 0000000180044800 f   sfc_debug:sfdb_breakpoints.obj
 0001:00043850       sf_debug_bm_initialize_scripts 0000000180044850 f   sfc_debug:sfdb_breakpoints.obj
 0001:00043f70       sf_debug_bm_terminate      0000000180044f70 f   sfc_debug:sfdb_breakpoints.obj
 0001:00044260       sf_debug_bm_remove_all_breakpoints_in_machine 0000000180045260 f   sfc_debug:sfdb_breakpoints.obj
 0001:000442d0       sf_debug_bm_remove_all_breakpoints_in_chart 00000001800452d0 f   sfc_debug:sfdb_breakpoints.obj
 0001:00044420       sf_debug_bm_initialize_global_breakpoints 0000000180045420 f   sfc_debug:sfdb_breakpoints.obj
 0001:000445a0       sf_debug_bm_set_breakpoint 00000001800455a0 f   sfc_debug:sfdb_breakpoints.obj
 0001:00044bd0       sf_debug_bm_set_eml_breakpoint 0000000180045bd0 f   sfc_debug:sfdb_breakpoints.obj
 0001:00044c70       sf_debug_bm_initialize_machine_breakpoint_map 0000000180045c70 f   sfc_debug:sfdb_breakpoints.obj
 0001:00045090       sf_debug_bm_is_a_breakpoint 0000000180046090 f   sfc_debug:sfdb_breakpoints.obj
 0001:000455b0       sf_debug_bm_get_all_breakpoints_in_machine 00000001800465b0 f   sfc_debug:sfdb_breakpoints.obj
 0001:000458b0       sf_debug_bm_get_all_breakpoints_in_chart 00000001800468b0 f   sfc_debug:sfdb_breakpoints.obj
 0001:00046570       sf_debug_bm_initialize_machine 0000000180047570 f   sfc_debug:sfdb_breakpoints.obj
 0001:00046640       sf_debug_bm_initialize_chart 0000000180047640 f   sfc_debug:sfdb_breakpoints.obj
 0001:00046a60       sf_debug_sc_terminate      0000000180047a60 f   sfc_debug:sfdb_state_consistency.obj
 0001:00046d90       sf_debug_sc_is_chart_consistent 0000000180047d90 f   sfc_debug:sfdb_state_consistency.obj
 0001:00047040       sf_debug_sc_get_consistency_error_info 0000000180048040 f   sfc_debug:sfdb_state_consistency.obj
 0001:00047490       sf_debug_tm_terminate      0000000180048490 f   sfc_debug:sfdb_call_stack.obj
 0001:00047550       sf_debug_tm_push_chart_instance 0000000180048550 f   sfc_debug:sfdb_call_stack.obj
 0001:000476a0       sf_debug_tm_pop_chart_instance 00000001800486a0 f   sfc_debug:sfdb_call_stack.obj
 0001:00047700       sf_debug_tm_push_trace_node 0000000180048700 f   sfc_debug:sfdb_call_stack.obj
 0001:00047890       sf_debug_tm_pop_trace_node 0000000180048890 f   sfc_debug:sfdb_call_stack.obj
 0001:00047910       sf_debug_tm_get_current_global_trace_index 0000000180048910 f   sfc_debug:sfdb_call_stack.obj
 0001:00047920       sf_debug_tm_get_current_local_trace_index 0000000180048920 f   sfc_debug:sfdb_call_stack.obj
 0001:00047950       sf_debug_tm_set_cycle_detected_flag 0000000180048950 f   sfc_debug:sfdb_call_stack.obj
 0001:00047990       sf_debug_tm_set_cycle_started_flag 0000000180048990 f   sfc_debug:sfdb_call_stack.obj
 0001:000479d0       sf_debug_tm_get_chart_number_from_stack 00000001800489d0 f   sfc_debug:sfdb_call_stack.obj
 0001:00047bd0       sf_debug_tm_browse_trace   0000000180048bd0 f   sfc_debug:sfdb_call_stack.obj
 0001:00047f10       sf_debug_cd_initialize_instance 0000000180048f10 f   sfc_debug:sfdb_cycle_detection.obj
 0001:000481c0       sf_debug_cd_mark_processed_transition_in_instance 00000001800491c0 f   sfc_debug:sfdb_cycle_detection.obj
 0001:00048260       sf_debug_cd_checksum_push  0000000180049260 f   sfc_debug:sfdb_cycle_detection.obj
 0001:00048520       sf_debug_cd_checksum_pop   0000000180049520 f   sfc_debug:sfdb_cycle_detection.obj
 0001:00048590       sf_debug_cd_turn_off_cycle_detection 0000000180049590 f   sfc_debug:sfdb_cycle_detection.obj
 0001:000485e0       sf_debug_cd_terminate      00000001800495e0 f   sfc_debug:sfdb_cycle_detection.obj
 0001:00048820       md5_initialize_state       0000000180049820 f   sfc_debug:ckmd5.obj
 0001:00049290       md5_update_state           000000018004a290 f   sfc_debug:ckmd5.obj
 0001:000492b0       md5_get_hash               000000018004a2b0 f   sfc_debug:ckmd5.obj
 0001:000492e0       md5_get_hash_for_a_single_string 000000018004a2e0 f   sfc_debug:ckmd5.obj
 0001:00049344       mxGetPr                    000000018004a344 f   libmx:libmx.dll
 0001:0004934a       mxCreateDoubleScalar       000000018004a34a f   libmx:libmx.dll
 0001:00049350       mxCreateDoubleMatrix_730   000000018004a350 f   libmx:libmx.dll
 0001:00049356       mxSetField_730             000000018004a356 f   libmx:libmx.dll
 0001:0004935c       mxCreateString             000000018004a35c f   libmx:libmx.dll
 0001:00049362       mxCreateStructMatrix_730   000000018004a362 f   libmx:libmx.dll
 0001:00049368       mxDestroyArray             000000018004a368 f   libmx:libmx.dll
 0001:0004936e       mxDuplicateArray           000000018004a36e f   libmx:libmx.dll
 0001:00049374       mxGetString_730            000000018004a374 f   libmx:libmx.dll
 0001:0004937a       mxIsChar                   000000018004a37a f   libmx:libmx.dll
 0001:00049380       mxGetClassID               000000018004a380 f   libmx:libmx.dll
 0001:00049386       mxIsNumeric                000000018004a386 f   libmx:libmx.dll
 0001:0004938c       mxIsComplex                000000018004a38c f   libmx:libmx.dll
 0001:00049392       mxGetN                     000000018004a392 f   libmx:libmx.dll
 0001:00049398       mxGetM                     000000018004a398 f   libmx:libmx.dll
 0001:0004939e       mxCalloc                   000000018004a39e f   libmx:libmx.dll
 0001:000493a4       mxGetScalar                000000018004a3a4 f   libmx:libmx.dll
 0001:000493aa       mxIsLogical                000000018004a3aa f   libmx:libmx.dll
 0001:000493b0       mxCreateDoubleMatrix_700   000000018004a3b0 f   libmx:libmx.dll
 0001:000493b6       mxFree                     000000018004a3b6 f   libmx:libmx.dll
 0001:000493bc       mxArrayToString            000000018004a3bc f   libmx:libmx.dll
 0001:000493c2       mxCreateCellMatrix_700     000000018004a3c2 f   libmx:libmx.dll
 0001:000493c8       mxSetCell_700              000000018004a3c8 f   libmx:libmx.dll
 0001:000493ce       mxGetCell_700              000000018004a3ce f   libmx:libmx.dll
 0001:000493d4       mxGetClassName             000000018004a3d4 f   libmx:libmx.dll
 0001:000493da       mxSetField_700             000000018004a3da f   libmx:libmx.dll
 0001:000493e0       mxAddField                 000000018004a3e0 f   libmx:libmx.dll
 0001:000493e6       mxGetField_700             000000018004a3e6 f   libmx:libmx.dll
 0001:000493ec       mxGetNumberOfElements      000000018004a3ec f   libmx:libmx.dll
 0001:000493f2       mxIsStruct                 000000018004a3f2 f   libmx:libmx.dll
 0001:000493f8       mxIsClass                  000000018004a3f8 f   libmx:libmx.dll
 0001:000493fe       mxGetLogicals              000000018004a3fe f   libmx:libmx.dll
 0001:00049404       mxIsSparse                 000000018004a404 f   libmx:libmx.dll
 0001:0004940a       mxSetFieldByNumber_700     000000018004a40a f   libmx:libmx.dll
 0001:00049410       mxGetFieldByNumber_700     000000018004a410 f   libmx:libmx.dll
 0001:00049416       mxGetFieldNameByNumber     000000018004a416 f   libmx:libmx.dll
 0001:0004941c       mxGetNumberOfFields        000000018004a41c f   libmx:libmx.dll
 0001:00049422       mxCreateStructMatrix_700   000000018004a422 f   libmx:libmx.dll
 0001:00049428       mxGetFieldNumber           000000018004a428 f   libmx:libmx.dll
 0001:0004942e       mxIsNaN                    000000018004a42e f   libmx:libmx.dll
 0001:00049434       mxIsEmpty                  000000018004a434 f   libmx:libmx.dll
 0001:0004943a       mxGetData                  000000018004a43a f   libmx:libmx.dll
 0001:00049440       mxGetImagData              000000018004a440 f   libmx:libmx.dll
 0001:00049446       mxArrayClassIDName         000000018004a446 f   libmx:libmx.dll
 0001:0004944c       mxCreateNumericMatrix_700  000000018004a44c f   libmx:libmx.dll
 0001:00049452       mxCreateStructArray_700    000000018004a452 f   libmx:libmx.dll
 0001:00049458       mxCalcSingleSubscript_700  000000018004a458 f   libmx:libmx.dll
 0001:0004945e       mxGetDimensions_700        000000018004a45e f   libmx:libmx.dll
 0001:00049464       mxGetNumberOfDimensions_700 000000018004a464 f   libmx:libmx.dll
 0001:0004946a       mxCreateNumericArray_700   000000018004a46a f   libmx:libmx.dll
 0001:00049470       mxGetElementSize           000000018004a470 f   libmx:libmx.dll
 0001:00049476       mxCreateStringFromNChars_700 000000018004a476 f   libmx:libmx.dll
 0001:0004947c       mxGetString_700            000000018004a47c f   libmx:libmx.dll
 0001:00049482       mxIsLogicalScalarTrue      000000018004a482 f   libmx:libmx.dll
 0001:00049488       mxCreateLogicalScalar      000000018004a488 f   libmx:libmx.dll
 0001:0004948e       mexUnlock                  000000018004a48e f   libmex:libmex.dll
 0001:00049494       mexIsLocked                000000018004a494 f   libmex:libmex.dll
 0001:0004949a       mexWarnMsgTxt              000000018004a49a f   libmex:libmex.dll
 0001:000494a0       mexCallMATLAB              000000018004a4a0 f   libmex:libmex.dll
 0001:000494a6       mexErrMsgTxt               000000018004a4a6 f   libmex:libmex.dll
 0001:000494ac       mexMakeArrayPersistent     000000018004a4ac f   libmex:libmex.dll
 0001:000494b2       mexSetTrapFlag             000000018004a4b2 f   libmex:libmex.dll
 0001:000494b8       mexPutVariable             000000018004a4b8 f   libmex:libmex.dll
 0001:000494be       mexGetVariable             000000018004a4be f   libmex:libmex.dll
 0001:000494c4       mexLock                    000000018004a4c4 f   libmex:libmex.dll
 0001:000494ca       mexMakeMemoryPersistent    000000018004a4ca f   libmex:libmex.dll
 0001:000494d0       mexFunctionName            000000018004a4d0 f   libmex:libmex.dll
 0001:000494d6       ssRegisterDataTypeFxpFSlopeFixExpBias 000000018004a4d6 f   libfixedpoint:libfixedpoint.dll
 0001:000494dc       utVSNprintf                000000018004a4dc f   libut:libut.dll
 0001:000494e2       utCPUtime                  000000018004a4e2 f   libut:libut.dll
 0001:000494e8       utFree                     000000018004a4e8 f   libut:libut.dll
 0001:000494ee       utMalloc                   000000018004a4ee f   libut:libut.dll
 0001:000494f4       muDoubleScalarCos          000000018004a4f4 f   libmwmathutil:libmwmathutil.dll
 0001:000494fa       muDoubleScalarSin          000000018004a4fa f   libmwmathutil:libmwmathutil.dll
 0001:00049500       muDoubleScalarSqrt         000000018004a500 f   libmwmathutil:libmwmathutil.dll
 0001:00049506       muDoubleScalarAbs          000000018004a506 f   libmwmathutil:libmwmathutil.dll
 0001:0004950c       muDoubleScalarPower        000000018004a50c f   libmwmathutil:libmwmathutil.dll
 0001:00049512       muDoubleScalarMax          000000018004a512 f   libmwmathutil:libmwmathutil.dll
 0001:00049518       emlrtCheckBuiltInCtxR2011a 000000018004a518 f   libemlrt:libemlrt.dll
 0001:0004951e       emlrtCheckVsBuiltInCtxR2011a 000000018004a51e f   libemlrt:libemlrt.dll
 0001:00049524       emlrtCheckEnumR2009a       000000018004a524 f   libemlrt:libemlrt.dll
 0001:0004952a       emlrtCreateEnumR2010a      000000018004a52a f   libemlrt:libemlrt.dll
 0001:00049530       emlrtGetEnumElementR2009a  000000018004a530 f   libemlrt:libemlrt.dll
 0001:00049536       emlrtCreateReference       000000018004a536 f   libemlrt:libemlrt.dll
 0001:0004953c       emlrtImportVsFiArrayR2009b 000000018004a53c f   libemlrt:libemlrt.dll
 0001:00049542       emlrtExtractMessageId      000000018004a542 f   libemlrt:libemlrt.dll
 0001:00049548       emlrtTranslateMessageIDtoLCPstring 000000018004a548 f   libemlrt:libemlrt.dll
 0001:0004954e       emlrtForLoopVectorIsValidR2011b 000000018004a54e f   libemlrt:libemlrt.dll
 0001:00049554       emlrtTranslateUTF16MessagetoLCPstring 000000018004a554 f   libemlrt:libemlrt.dll
 0001:0004955a       emlrtGetEnumUnderlyingArrayR2009a 000000018004a55a f   libemlrt:libemlrt.dll
 0001:00049560       emlrtIsEnumR2009a          000000018004a560 f   libemlrt:libemlrt.dll
 0001:00049568       __GSHandlerCheckCommon     000000018004a568 f   MSVCRT:gshandler.obj
 0001:000495cc       __GSHandlerCheck           000000018004a5cc f   MSVCRT:gshandler.obj
 0001:000495ea       strlen                     000000018004a5ea f   MSVCRT:MSVCR100.dll
 0001:00049600       __security_check_cookie    000000018004a600 f   MSVCRT:amdsecgs.obj
 0001:00049620       memset                     000000018004a620 f   MSVCRT:MSVCR100.dll
 0001:00049626       malloc                     000000018004a626 f   MSVCRT:MSVCR100.dll
 0001:0004962c       free                       000000018004a62c f   MSVCRT:MSVCR100.dll
 0001:00049632       strcmp                     000000018004a632 f   MSVCRT:MSVCR100.dll
 0001:00049638       sprintf                    000000018004a638 f   MSVCRT:MSVCR100.dll
 0001:0004963e       strcat                     000000018004a63e f   MSVCRT:MSVCR100.dll
 0001:00049644       memcpy                     000000018004a644 f   MSVCRT:MSVCR100.dll
 0001:0004964c       NtCurrentTeb               000000018004a64c f i MSVCRT:crtdll.obj
 0001:000496b8       _CRT_INIT                  000000018004a6b8 f   MSVCRT:crtdll.obj
 0001:00049a50       _DllMainCRTStartup         000000018004aa50 f   MSVCRT:crtdll.obj
 0001:00049a8e       strncpy                    000000018004aa8e f   MSVCRT:MSVCR100.dll
 0001:00049ab0       __chkstk                   000000018004aab0 f   MSVCRT:chkstk.obj
 0001:00049ab0       _alloca_probe              000000018004aab0     MSVCRT:chkstk.obj
 0001:00049afe       longjmp                    000000018004aafe f   MSVCRT:MSVCR100.dll
 0001:00049b04       strncmp                    000000018004ab04 f   MSVCRT:MSVCR100.dll
 0001:00049b0a       ceil                       000000018004ab0a f   MSVCRT:MSVCR100.dll
 0001:00049b10       strrchr                    000000018004ab10 f   MSVCRT:MSVCR100.dll
 0001:00049b16       _setjmp                    000000018004ab16 f   MSVCRT:MSVCR100.dll
 0001:00049b1c       calloc                     000000018004ab1c f   MSVCRT:MSVCR100.dll
 0001:00049b22       realloc                    000000018004ab22 f   MSVCRT:MSVCR100.dll
 0001:00049b28       ldexp                      000000018004ab28 f   MSVCRT:MSVCR100.dll
 0001:00049b30       __report_gsfailure         000000018004ab30 f   MSVCRT:gs_report.obj
 0001:00049c7c       __clean_type_info_names    000000018004ac7c f   MSVCRT:tncleanup.obj
 0001:00049c88       _onexit                    000000018004ac88 f   MSVCRT:atonexit.obj
 0001:00049d38       atexit                     000000018004ad38 f   MSVCRT:atonexit.obj
 0001:00049d50       _RTC_Initialize            000000018004ad50 f   MSVCRT:_initsect_.obj
 0001:00049d88       _RTC_Terminate             000000018004ad88 f   MSVCRT:_initsect_.obj
 0001:00049dc0       _malloc_crt                000000018004adc0 f   MSVCRT:MSVCR100.dll
 0001:00049dd0       _ValidateImageBase         000000018004add0 f   MSVCRT:pesect.obj
 0001:00049e00       _FindPESection             000000018004ae00 f   MSVCRT:pesect.obj
 0001:00049e50       _IsNonwritableInCurrentImage 000000018004ae50 f   MSVCRT:pesect.obj
 0001:00049e92       _initterm                  000000018004ae92 f   MSVCRT:MSVCR100.dll
 0001:00049e98       _initterm_e                000000018004ae98 f   MSVCRT:MSVCR100.dll
 0001:00049e9e       _encoded_null              000000018004ae9e f   MSVCRT:MSVCR100.dll
 0001:00049ea4       _amsg_exit                 000000018004aea4 f   MSVCRT:MSVCR100.dll
 0001:00049eaa       __C_specific_handler       000000018004aeaa f   MSVCRT:MSVCR100.dll
 0001:00049eb0       __CppXcptFilter            000000018004aeb0 f   MSVCRT:MSVCR100.dll
 0001:00049eb8       DllMain                    000000018004aeb8 f   MSVCRT:dllmain.obj
 0001:00049edc       __security_init_cookie     000000018004aedc f   MSVCRT:gs_support.obj
 0001:00049f90       __crt_debugger_hook        000000018004af90 f   MSVCRT:MSVCR100.dll
 0001:00049f96       __clean_type_info_names_internal 000000018004af96 f   MSVCRT:MSVCR100.dll
 0001:00049f9c       _unlock                    000000018004af9c f   MSVCRT:MSVCR100.dll
 0001:00049fa2       __dllonexit                000000018004afa2 f   MSVCRT:MSVCR100.dll
 0001:00049fa8       _lock                      000000018004afa8 f   MSVCRT:MSVCR100.dll
 0001:00049fae       EncodePointer              000000018004afae f   kernel32:KERNEL32.dll
 0001:00049fb4       DecodePointer              000000018004afb4 f   kernel32:KERNEL32.dll
 0001:00049fba       Sleep                      000000018004afba f   kernel32:KERNEL32.dll
 0001:00049fc0       TerminateProcess           000000018004afc0 f   kernel32:KERNEL32.dll
 0001:00049fc6       GetCurrentProcess          000000018004afc6 f   kernel32:KERNEL32.dll
 0001:00049fcc       UnhandledExceptionFilter   000000018004afcc f   kernel32:KERNEL32.dll
 0001:00049fd2       SetUnhandledExceptionFilter 000000018004afd2 f   kernel32:KERNEL32.dll
 0001:00049fd8       IsDebuggerPresent          000000018004afd8 f   kernel32:KERNEL32.dll
 0001:00049fde       RtlVirtualUnwind           000000018004afde f   kernel32:KERNEL32.dll
 0001:00049fe4       RtlLookupFunctionEntry     000000018004afe4 f   kernel32:KERNEL32.dll
 0001:00049fea       RtlCaptureContext          000000018004afea f   kernel32:KERNEL32.dll
 0001:00049ff0       DisableThreadLibraryCalls  000000018004aff0 f   kernel32:KERNEL32.dll
 0001:00049ff6       QueryPerformanceCounter    000000018004aff6 f   kernel32:KERNEL32.dll
 0001:00049ffc       GetTickCount               000000018004affc f   kernel32:KERNEL32.dll
 0001:0004a002       GetCurrentThreadId         000000018004b002 f   kernel32:KERNEL32.dll
 0001:0004a008       GetCurrentProcessId        000000018004b008 f   kernel32:KERNEL32.dll
 0001:0004a00e       GetSystemTimeAsFileTime    000000018004b00e f   kernel32:KERNEL32.dll
 0002:00000000       __imp_DisableThreadLibraryCalls 000000018004c000     kernel32:KERNEL32.dll
 0002:00000008       __imp_RtlCaptureContext    000000018004c008     kernel32:KERNEL32.dll
 0002:00000010       __imp_RtlLookupFunctionEntry 000000018004c010     kernel32:KERNEL32.dll
 0002:00000018       __imp_RtlVirtualUnwind     000000018004c018     kernel32:KERNEL32.dll
 0002:00000020       __imp_IsDebuggerPresent    000000018004c020     kernel32:KERNEL32.dll
 0002:00000028       __imp_SetUnhandledExceptionFilter 000000018004c028     kernel32:KERNEL32.dll
 0002:00000030       __imp_UnhandledExceptionFilter 000000018004c030     kernel32:KERNEL32.dll
 0002:00000038       __imp_GetCurrentProcess    000000018004c038     kernel32:KERNEL32.dll
 0002:00000040       __imp_TerminateProcess     000000018004c040     kernel32:KERNEL32.dll
 0002:00000048       __imp_Sleep                000000018004c048     kernel32:KERNEL32.dll
 0002:00000050       __imp_DecodePointer        000000018004c050     kernel32:KERNEL32.dll
 0002:00000058       __imp_EncodePointer        000000018004c058     kernel32:KERNEL32.dll
 0002:00000060       __imp_GetTickCount         000000018004c060     kernel32:KERNEL32.dll
 0002:00000068       __imp_GetCurrentThreadId   000000018004c068     kernel32:KERNEL32.dll
 0002:00000070       __imp_GetCurrentProcessId  000000018004c070     kernel32:KERNEL32.dll
 0002:00000078       __imp_GetSystemTimeAsFileTime 000000018004c078     kernel32:KERNEL32.dll
 0002:00000080       __imp_QueryPerformanceCounter 000000018004c080     kernel32:KERNEL32.dll
 0002:00000088       \177KERNEL32_NULL_THUNK_DATA 000000018004c088     kernel32:KERNEL32.dll
 0002:00000090       __imp_realloc              000000018004c090     MSVCRT:MSVCR100.dll
 0002:00000098       __imp__onexit              000000018004c098     MSVCRT:MSVCR100.dll
 0002:000000a0       __imp__lock                000000018004c0a0     MSVCRT:MSVCR100.dll
 0002:000000a8       __imp___dllonexit          000000018004c0a8     MSVCRT:MSVCR100.dll
 0002:000000b0       __imp__unlock              000000018004c0b0     MSVCRT:MSVCR100.dll
 0002:000000b8       __imp___clean_type_info_names_internal 000000018004c0b8     MSVCRT:MSVCR100.dll
 0002:000000c0       __imp___crt_debugger_hook  000000018004c0c0     MSVCRT:MSVCR100.dll
 0002:000000c8       __imp___CppXcptFilter      000000018004c0c8     MSVCRT:MSVCR100.dll
 0002:000000d0       __imp___C_specific_handler 000000018004c0d0     MSVCRT:MSVCR100.dll
 0002:000000d8       __imp__amsg_exit           000000018004c0d8     MSVCRT:MSVCR100.dll
 0002:000000e0       __imp__encoded_null        000000018004c0e0     MSVCRT:MSVCR100.dll
 0002:000000e8       __imp__initterm_e          000000018004c0e8     MSVCRT:MSVCR100.dll
 0002:000000f0       __imp__initterm            000000018004c0f0     MSVCRT:MSVCR100.dll
 0002:000000f8       __imp__malloc_crt          000000018004c0f8     MSVCRT:MSVCR100.dll
 0002:00000100       __imp_ldexp                000000018004c100     MSVCRT:MSVCR100.dll
 0002:00000108       __imp_strlen               000000018004c108     MSVCRT:MSVCR100.dll
 0002:00000110       __imp_calloc               000000018004c110     MSVCRT:MSVCR100.dll
 0002:00000118       __imp__setjmp              000000018004c118     MSVCRT:MSVCR100.dll
 0002:00000120       __imp_strrchr              000000018004c120     MSVCRT:MSVCR100.dll
 0002:00000128       __imp_ceil                 000000018004c128     MSVCRT:MSVCR100.dll
 0002:00000130       __imp_strncmp              000000018004c130     MSVCRT:MSVCR100.dll
 0002:00000138       __imp_longjmp              000000018004c138     MSVCRT:MSVCR100.dll
 0002:00000140       __imp_strncpy              000000018004c140     MSVCRT:MSVCR100.dll
 0002:00000148       __imp_memcpy               000000018004c148     MSVCRT:MSVCR100.dll
 0002:00000150       __imp_strcat               000000018004c150     MSVCRT:MSVCR100.dll
 0002:00000158       __imp_sprintf              000000018004c158     MSVCRT:MSVCR100.dll
 0002:00000160       __imp_strcmp               000000018004c160     MSVCRT:MSVCR100.dll
 0002:00000168       __imp_free                 000000018004c168     MSVCRT:MSVCR100.dll
 0002:00000170       __imp_malloc               000000018004c170     MSVCRT:MSVCR100.dll
 0002:00000178       __imp_memset               000000018004c178     MSVCRT:MSVCR100.dll
 0002:00000180       \177MSVCR100_NULL_THUNK_DATA 000000018004c180     MSVCRT:MSVCR100.dll
 0002:00000188       __imp_emlrtIsEnumR2009a    000000018004c188     libemlrt:libemlrt.dll
 0002:00000190       __imp_emlrtCheckVsBuiltInCtxR2011a 000000018004c190     libemlrt:libemlrt.dll
 0002:00000198       __imp_emlrtGetEnumUnderlyingArrayR2009a 000000018004c198     libemlrt:libemlrt.dll
 0002:000001a0       __imp_emlrtTranslateUTF16MessagetoLCPstring 000000018004c1a0     libemlrt:libemlrt.dll
 0002:000001a8       __imp_emlrtForLoopVectorIsValidR2011b 000000018004c1a8     libemlrt:libemlrt.dll
 0002:000001b0       __imp_emlrtTranslateMessageIDtoLCPstring 000000018004c1b0     libemlrt:libemlrt.dll
 0002:000001b8       __imp_emlrtCheckBuiltInCtxR2011a 000000018004c1b8     libemlrt:libemlrt.dll
 0002:000001c0       __imp_emlrtCheckEnumR2009a 000000018004c1c0     libemlrt:libemlrt.dll
 0002:000001c8       __imp_emlrtCreateEnumR2010a 000000018004c1c8     libemlrt:libemlrt.dll
 0002:000001d0       __imp_emlrtGetEnumElementR2009a 000000018004c1d0     libemlrt:libemlrt.dll
 0002:000001d8       __imp_emlrtCreateReference 000000018004c1d8     libemlrt:libemlrt.dll
 0002:000001e0       __imp_emlrtImportVsFiArrayR2009b 000000018004c1e0     libemlrt:libemlrt.dll
 0002:000001e8       __imp_emlrtExtractMessageId 000000018004c1e8     libemlrt:libemlrt.dll
 0002:000001f0       \177libemlrt_NULL_THUNK_DATA 000000018004c1f0     libemlrt:libemlrt.dll
[...]
 0001:00021df0       sf_numeric_value_to_double 0000000180022df0 f   sfc_mex:sfc_mex.obj
 0001:00021e40       ml_generic_out_of_bounds_check 0000000180022e40 f   sfc_mex:sfc_mex.obj
 0001:00022010       ml_get_element_value_from_array 0000000180023010 f   sfc_mex:sfc_mex.obj
 0001:000223b0       _ml_generic_castability_check 00000001800233b0 f   sfc_mex:sfc_mex.obj
 0001:00023110       ml_generic_castability_check 0000000180024110 f   sfc_mex:sfc_mex.obj
 0001:000231b0       ml_check_mx_array_for_single_castability 00000001800241b0 f   sfc_mex:sfc_mex.obj
 0001:00023250       ml_check_mx_array_for_logical_castability 0000000180024250 f   sfc_mex:sfc_mex.obj
 0001:000232f0       ml_check_mx_array_for_int8_castability 00000001800242f0 f   sfc_mex:sfc_mex.obj
 0001:000233a0       ml_check_mx_array_for_uint8_castability 00000001800243a0 f   sfc_mex:sfc_mex.obj
 0001:00023400       ml_check_mx_array_for_int16_castability 0000000180024400 f   sfc_mex:sfc_mex.obj
 0001:00023460       ml_check_mx_array_for_uint16_castability 0000000180024460 f   sfc_mex:sfc_mex.obj
 0001:000234c0       ml_check_mx_array_for_int32_castability 00000001800244c0 f   sfc_mex:sfc_mex.obj
 0001:00023520       ml_check_mx_array_for_uint32_castability 0000000180024520 f   sfc_mex:sfc_mex.obj
 0001:00023580       ml_check_mx_array_for_castability 0000000180024580 f   sfc_mex:sfc_mex.obj
 0001:00023eb0       set_data_value             0000000180024eb0 f   sfc_mex:sfc_mex.obj
 0001:00024220       get_data_value             0000000180025220 f   sfc_mex:sfc_mex.obj
 0001:00024330       get_next_element_address   0000000180025330 f   sfc_mex:sfc_mex.obj
 0001:00024400       sf_normalize_index         0000000180025400 f   sfc_mex:sfc_mex.obj
 0001:00024790       ml_array_index_bound_check 0000000180025790 f   sfc_mex:sfc_mex.obj
 0001:000252b0       mx_value                   00000001800262b0 f   sfc_mex:sfc_mex.obj
 0001:00025300       sf_create_numeric_array    0000000180026300 f   sfc_mex:sfc_mex.obj
 0001:000253a0       sf_mex_assign_to_mx_array  00000001800263a0 f   sfc_mex:sfc_mex.obj
 0001:000256f0       assign_from_mx_array       00000001800266f0 f   sfc_mex:sfc_mex.obj
 0001:00025f20       sf_mex_import_v            0000000180026f20 f   sfc_mex:sfc_mex.obj
 0001:00026620       get_machine_and_chart_file_number 0000000180027620 f   sfc_mex:sfc_sf.obj
 0001:00026710       get_sfun_block_specialization 0000000180027710 f   sfc_mex:sfc_sf.obj
 0001:00026790       call_sf_machine_global_method_dispatcher 0000000180027790 f   sfc_mex:sfc_sf.obj
 0001:000269c0       mdl_zeroCrossings_processing 00000001800279c0 f   sfc_mex:sfc_sf.obj
 0001:00026a90       mdl_derivatives_processing 0000000180027a90 f   sfc_mex:sfc_sf.obj
 0001:00026d50       mdl_outputs_continuous_legacy 0000000180027d50 f   sfc_mex:sfc_sf.obj
 0001:00026dd0       mdl_outputs_processing     0000000180027dd0 f   sfc_mex:sfc_sf.obj
 0001:00027000       mdl_enable_processing      0000000180028000 f   sfc_mex:sfc_sf.obj
 0001:000270d0       mdl_disable_processing     00000001800280d0 f   sfc_mex:sfc_sf.obj
 0001:00027e10       sf_call_output_fcn_enable_disable 0000000180028e10 f   sfc_mex:sfc_sf.obj
 0001:00028090       set_dwork_information_from_mx_array 0000000180029090 f   sfc_mex:sfc_sf.obj
 0001:00028950       ptr2mxStruct               0000000180029950 f   sfc_mex:sfc_sf.obj
 0001:00028c40       SNPRINTF_WRAPPER           0000000180029c40 f   sfc_debug:sfcdebug.obj
 0001:00028c60       sf_debug_chart_instance_initialized_quick 0000000180029c60 f   sfc_debug:sfcdebug.obj
 0001:00028c70       sf_debug_chart_instance_initialized 0000000180029c70 f   sfc_debug:sfcdebug.obj
 0001:00028e10       sfrtAddSize                0000000180029e10 f   sfc_debug:sfcdebug.obj
 0001:00028ed0       sfrtGenSizeString          0000000180029ed0 f   sfc_debug:sfcdebug.obj
 0001:000295e0       sf_debug_sim_status_listener 000000018002a5e0 f   sfc_debug:sfcdebug.obj
 0001:00029b50       sf_debug_form_mask_bits    000000018002ab50 f   sfc_debug:sfcdebug.obj
 0001:00029b90       sf_debug_form_sf_data_type_offsets 000000018002ab90 f   sfc_debug:sfcdebug.obj
 0001:00029c50       sf_debug_free_all          000000018002ac50 f   sfc_debug:sfcdebug.obj
 0001:00029dd0       sf_debug_append_debugger_context 000000018002add0 f   sfc_debug:sfcdebug.obj
 0001:0002a090       local_strdup               000000018002b090 f   sfc_debug:sfcdebug.obj
 0001:0002af70       sf_debug_em_terminate      000000018002bf70 f   sfc_debug:sfcdebug.obj
 0001:0002afb0       sf_debug_push_eml_function 000000018002bfb0 f   sfc_debug:sfcdebug.obj
 0001:0002b050       sf_debug_pop_eml_function  000000018002c050 f   sfc_debug:sfcdebug.obj
 0001:0002bd50       sf_debug_get_machine_number_from_id_or_name 000000018002cd50 f   sfc_debug:sfcdebug.obj
 0001:0002bea0       sf_debug_get_chart_number_from_id 000000018002cea0 f   sfc_debug:sfcdebug.obj
 0001:0002cb10       sf_debug_transfer_control_to_debugger_GUI 000000018002db10 f   sfc_debug:sfcdebug.obj
 0001:0002daa0       sf_debug_scripts_rehash    000000018002eaa0 f   sfc_debug:sfcdebug.obj
 0001:0002dce0       sf_debug_get_script_line_count 000000018002ece0 f   sfc_debug:sfcdebug.obj
 0001:0002e3f0       cv_eml_state_cvId          000000018002f3f0 f   sfc_debug:sfcdebug.obj
 0001:0002e460       cv_eml_trans_cvId          000000018002f460 f   sfc_debug:sfcdebug.obj
 0001:0002f720       sf_debug_data_array_bounds_error 0000000180030720 f   sfc_debug:sfcdebug.obj
 0001:0002fb50       eml_debug_runtime_error_doclink 0000000180030b50 f   sfc_debug:sfcdebug.obj
 0001:0002fcd0       sf_debug_runtime_error     0000000180030cd0 f   sfc_debug:sfcdebug.obj
 0001:0002fd40       sf_debug_matlab_error      0000000180030d40 f   sfc_debug:sfcdebug.obj
 0001:00030670       sf_debug_data_value_error  0000000180031670 f   sfc_debug:sfcdebug.obj
 0001:00030f70       sf_debug_data_loss_error   0000000180031f70 f   sfc_debug:sfcdebug.obj
 0001:00031e90       call_cv_range_check        0000000180032e90 f   sfc_debug:sfcdebug.obj
 0001:00032660       sf_debug_invoke_cycle_detection_code 0000000180033660 f   sfc_debug:sfcdebug.obj
 0001:000334d0       sf_reset_debug_info_struct 00000001800344d0 f   sfc_debug:sfcdebug.obj
 0001:00033dc0       cv_script_cvId             0000000180034dc0 f   sfc_debug:sfcdebug.obj
 0001:00034bb0       sfc_api_chart_visible      0000000180035bb0 f   sfc_debug:sfc_api.obj
 0001:00034c30       sfc_api_active_instance    0000000180035c30 f   sfc_debug:sfc_api.obj
 0001:00034cb0       sfc_api_machine_load       0000000180035cb0 f   sfc_debug:sfc_api.obj
 0001:00034d80       sfc_api_debugger_alive     0000000180035d80 f   sfc_debug:sfc_api.obj
 0001:00034d90       sfc_api_go                 0000000180035d90 f   sfc_debug:sfc_api.obj
 0001:00034da0       sfc_api_step_over          0000000180035da0 f   sfc_debug:sfc_api.obj
 0001:00034db0       sfc_api_step_out           0000000180035db0 f   sfc_debug:sfc_api.obj
 0001:00034dc0       sfc_api_resume             0000000180035dc0 f   sfc_debug:sfc_api.obj
 0001:00034dd0       sfc_api_break              0000000180035dd0 f   sfc_debug:sfc_api.obj
 0001:00034de0       sfc_api_stop_debugging     0000000180035de0 f   sfc_debug:sfc_api.obj
 0001:00034e30       sfc_api_is_cycle_detected  0000000180035e30 f   sfc_debug:sfc_api.obj
 0001:00034e80       sfc_api_is_array_bounds_detected 0000000180035e80 f   sfc_debug:sfc_api.obj
 0001:00034ed0       sfc_api_set_disable_all_breakpoints 0000000180035ed0 f   sfc_debug:sfc_api.obj
 0001:00034f40       sfc_api_disable_all_breakpoints_and_go 0000000180035f40 f   sfc_debug:sfc_api.obj
 0001:00034f50       sfc_api_close              0000000180035f50 f   sfc_debug:sfc_api.obj
 0001:00034f60       sfc_api_browse_data        0000000180035f60 f   sfc_debug:sfc_api.obj
 0001:00034fd0       sfc_api_watch_data         0000000180035fd0 f   sfc_debug:sfc_api.obj
 0001:00035070       sfc_api_assign_data        0000000180036070 f   sfc_debug:sfc_api.obj
 0001:00035110       sfc_api_whos               0000000180036110 f   sfc_debug:sfc_api.obj
 0001:000351a0       sfc_api_get_consistency_info 00000001800361a0 f   sfc_debug:sfc_api.obj
 0001:000351b0       sfc_api_browse_trace       00000001800361b0 f   sfc_debug:sfc_api.obj
 0001:000351c0       sfc_api_break_on_chart_entry 00000001800361c0 f   sfc_debug:sfc_api.obj
 0001:000351e0       sfc_api_break_on_event_broadcast 00000001800361e0 f   sfc_debug:sfc_api.obj
 0001:00035200       sfc_api_break_on_state_entry 0000000180036200 f   sfc_debug:sfc_api.obj
 0001:00035220       sfc_api_set_watch          0000000180036220 f   sfc_debug:sfc_api.obj
 0001:000352c0       sfc_api_set_breakpoints    00000001800362c0 f   sfc_debug:sfc_api.obj
 0001:00035360       sfc_api_set_eml_breakpoints 0000000180036360 f   sfc_debug:sfc_api.obj
 0001:000353e0       sfc_api_set_script_breakpoints 00000001800363e0 f   sfc_debug:sfc_api.obj
 0001:00035430       sfc_api_add_script_breakpoints 0000000180036430 f   sfc_debug:sfc_api.obj
 0001:00035480       sfc_api_clear_script_breakpoints 0000000180036480 f   sfc_debug:sfc_api.obj
 0001:000354d0       sfc_api_query_script_breakpoints 00000001800364d0 f   sfc_debug:sfc_api.obj
 0001:00035530       sfc_api_get_script_id      0000000180036530 f   sfc_debug:sfc_api.obj
 0001:000355f0       sfc_api_get_active_states  00000001800365f0 f   sfc_debug:sfc_api.obj
 0001:00035670       sfc_api_break_between_times 0000000180036670 f   sfc_debug:sfc_api.obj
 0001:000356d0       sfc_api_get_instance_handle 00000001800366d0 f   sfc_debug:sfc_api.obj
 0001:00035780       sfc_api_set_animation      0000000180036780 f   sfc_debug:sfc_api.obj
 0001:000357d0       sfc_api_select_chart       00000001800367d0 f   sfc_debug:sfc_api.obj
 0001:00035830       sfc_api_select_charts      0000000180036830 f   sfc_debug:sfc_api.obj
 0001:00035860       sfc_api_cycle_detection_check 0000000180036860 f   sfc_debug:sfc_api.obj
 0001:000358b0       sfc_api_data_range_check   00000001800368b0 f   sfc_debug:sfc_api.obj
 0001:00035900       sfc_api_transition_conflict_check 0000000180036900 f   sfc_debug:sfc_api.obj
 0001:00035950       sfc_api_state_consistency_check 0000000180036950 f   sfc_debug:sfc_api.obj
 0001:000359a0       sfc_api_set_instance_cv_ids 00000001800369a0 f   sfc_debug:sfc_api.obj
 0001:00035ab0       sfc_api_set_script_cv_ids  0000000180036ab0 f   sfc_debug:sfc_api.obj
 0001:00035b50       sfc_api_get_current_machine_id 0000000180036b50 f   sfc_debug:sfc_api.obj
 0001:00035b80       sfc_api_get_current_machine_number 0000000180036b80 f   sfc_debug:sfc_api.obj
 0001:00035bb0       sfc_api_get_current_chart_number 0000000180036bb0 f   sfc_debug:sfc_api.obj
 0001:00035be0       sfc_api_get_current_instance_number 0000000180036be0 f   sfc_debug:sfc_api.obj
 0001:00035c10       sfc_api_get_current_instance_handle 0000000180036c10 f   sfc_debug:sfc_api.obj
 0001:00035c30       sfc_api_get_current_is_minor_time_step 0000000180036c30 f   sfc_debug:sfc_api.obj
 0001:00035c60       sfc_api_get_current_machine_name 0000000180036c60 f   sfc_debug:sfc_api.obj
 0001:00035c80       sfc_api_get_current_chart_id 0000000180036c80 f   sfc_debug:sfc_api.obj
 0001:00035cb0       sfc_api_get_current_object_type 0000000180036cb0 f   sfc_debug:sfc_api.obj
 0001:00035ce0       sfc_api_get_current_event_type 0000000180036ce0 f   sfc_debug:sfc_api.obj
 0001:00035d10       sfc_api_get_current_object_id 0000000180036d10 f   sfc_debug:sfc_api.obj
 0001:00035d40       sfc_get_current_active_event_type 0000000180036d40 f   sfc_debug:sfc_api.obj
 0001:00035d70       sfc_api_get_current_active_event_id 0000000180036d70 f   sfc_debug:sfc_api.obj
 0001:00035da0       sfc_api_get_current_simulation_time 0000000180036da0 f   sfc_debug:sfc_api.obj
 0001:00035dc0       sfc_get_current_tag_type   0000000180036dc0 f   sfc_debug:sfc_api.obj
 0001:00035df0       sfc_get_current_coverage_percentage 0000000180036df0 f   sfc_debug:sfc_api.obj
 0001:00035e10       sfc_get_current_statement_context 0000000180036e10 f   sfc_debug:sfc_api.obj
 0001:00035e30       sfc_get_current_optional_integer 0000000180036e30 f   sfc_debug:sfc_api.obj
 0001:00035e60       sfc_get_current_statement_info 0000000180036e60 f   sfc_debug:sfc_api.obj
 0001:00035f00       sfc_api_get                0000000180036f00 f   sfc_debug:sfc_api.obj
 0001:00036060       sf_debug_sm_is_using_unified_editors 0000000180037060 f   sfc_debug:sfdb_animation.obj
 0001:00036100       sf_debug_sm_is_chart_visible_in_unified_editors 0000000180037100 f   sfc_debug:sfdb_animation.obj
 0001:000361c0       sf_debug_sm_check_if_chart_is_visible 00000001800371c0 f   sfc_debug:sfdb_animation.obj
 0001:00036cc0       sf_debug_sm_fill_state_activity_data 0000000180037cc0 f   sfc_debug:sfdb_animation.obj
 0001:000392b0       sf_debug_hm_get_simulink_handle 000000018003a2b0 f   sfc_debug:sfdb_handle_management.obj
 0001:00039e00       sf_debug_hm_initialize_globals 000000018003ae00 f   sfc_debug:sfdb_handle_management.obj
 0001:00039f00       sf_debug_hm_get_machine_debug_flag 000000018003af00 f   sfc_debug:sfdb_handle_management.obj
 0001:0003a070       sf_debug_hm_get_machine_id 000000018003b070 f   sfc_debug:sfdb_handle_management.obj
 0001:0003a190       sf_debug_hm_get_chart_id   000000018003b190 f   sfc_debug:sfdb_handle_management.obj
 0001:0003a330       sf_debug_hm_register_executing_SFunction 000000018003b330 f   sfc_debug:sfdb_handle_management.obj
 0001:0003a4d0       sf_debug_hm_get_chart_active_instance 000000018003b4d0 f   sfc_debug:sfdb_handle_management.obj
 0001:0003a640       sf_debug_hm_get_chart_visibility 000000018003b640 f   sfc_debug:sfdb_handle_management.obj
 0001:0003a790       sf_debug_hm_form_object_boolean_properties 000000018003b790 f   sfc_debug:sfdb_handle_management.obj
 0001:0003aa60       sf_debug_hm_form_object_properties 000000018003ba60 f   sfc_debug:sfdb_handle_management.obj
 0001:0003aca0       sf_debug_hm_terminate_charts 000000018003bca0 f   sfc_debug:sfdb_handle_management.obj
 0001:0003b410       sf_debug_hm_terminate_machines 000000018003c410 f   sfc_debug:sfdb_handle_management.obj
 0001:0003cd30       void_ptr_stack_vector_free_total 000000018003dd30 f   sfc_debug:sfdb_data_browse.obj
 0001:0003cdc0       sf_debug_st_terminate_machine 000000018003ddc0 f   sfc_debug:sfdb_data_browse.obj
 0001:0003ce00       sf_debug_st_terminate_instance 000000018003de00 f   sfc_debug:sfdb_data_browse.obj
 0001:0003d1b0       push_on_to_void_ptr_stack  000000018003e1b0 f   sfc_debug:sfdb_data_browse.obj
 0001:0003d340       pop_from_void_ptr_stack    000000018003e340 f   sfc_debug:sfdb_data_browse.obj
 0001:0003d470       sf_debug_st_get_data_value 000000018003e470 f   sfc_debug:sfdb_data_browse.obj
 0001:0003da00       mx_value                   000000018003ea00 f   sfc_debug:sfdb_data_browse.obj
 0001:0003da40       sf_debug_st_fill_data_struct 000000018003ea40 f   sfc_debug:sfdb_data_browse.obj
 0001:0003dd80       data_type_format_strings   000000018003ed80 f   sfc_debug:sfdb_data_browse.obj
 0001:0003de30       sf_debug_st_fill_data      000000018003ee30 f   sfc_debug:sfdb_data_browse.obj
 0001:0003f070       sf_debug_ss_copy_dimension 0000000180040070 f   sfc_debug:sfdb_symbol_scope.obj
 0001:0003f130       sf_debug_ss_get_number_elements 0000000180040130 f   sfc_debug:sfdb_symbol_scope.obj
 0001:0003f150       sf_debug_ss_fill_data_struct 0000000180040150 f   sfc_debug:sfdb_symbol_scope.obj
 0001:0003f4a0       sf_debug_ss_reset_data_info 00000001800404a0 f   sfc_debug:sfdb_symbol_scope.obj
 0001:0003f500       sf_debug_fill_data_info_by_symbol_scope_entry 0000000180040500 f   sfc_debug:sfdb_symbol_scope.obj
 0001:0003f5c0       sf_debug_fill_data_info_by_data_vector 00000001800405c0 f   sfc_debug:sfdb_symbol_scope.obj
 0001:0003f810       sf_debug_ss_get_data_info  0000000180040810 f   sfc_debug:sfdb_symbol_scope.obj
 0001:0003fb00       sf_debug_select_mex_function 0000000180040b00 f   sfc_debug:sfdb_symbol_scope.obj
 0001:0003fb30       sf_debug_is_dyn_matrix_initialized 0000000180040b30 f   sfc_debug:sfdb_symbol_scope.obj
 0001:0003fb50       sf_debug_ss_set_data_value_try 0000000180040b50 f   sfc_debug:sfdb_symbol_scope.obj
 0001:0003fd20       sf_debug_ss_get_data_value 0000000180040d20 f   sfc_debug:sfdb_symbol_scope.obj
 0001:00040270       sf_debug_ss_data_bytes_string 0000000180041270 f   sfc_debug:sfdb_symbol_scope.obj
 0001:00040320       sf_debug_ss_data_class_string 0000000180041320 f   sfc_debug:sfdb_symbol_scope.obj
 0001:000406b0       sf_debug_ss_data_size_string 00000001800416b0 f   sfc_debug:sfdb_symbol_scope.obj
 0001:00040790       sf_debug_ss_data_create_data_info_struct 0000000180041790 f   sfc_debug:sfdb_symbol_scope.obj
 0001:00040a60       sf_debug_ss_data_create_name_value_pair 0000000180041a60 f   sfc_debug:sfdb_symbol_scope.obj
 0001:00040b00       sf_debug_ss_data_get_whos_info 0000000180041b00 f   sfc_debug:sfdb_symbol_scope.obj
 0001:00040b10       same_named_data_in_data_array 0000000180041b10 f   sfc_debug:sfdb_symbol_scope.obj
 0001:00042380       sf_debug_cc_terminate_chart 0000000180043380 f   sfc_debug:sfdb_coverage.obj
 0001:00042720       sf_debug_cc_terminate_instance 0000000180043720 f   sfc_debug:sfdb_coverage.obj
 0001:00043310       sf_debug_cc_mark_object_if_needed 0000000180044310 f   sfc_debug:sfdb_coverage.obj
 0001:00043c10       sf_debug_bm_initialize_eml 0000000180044c10 f   sfc_debug:sfdb_breakpoints.obj
 0001:00044d80       sf_debug_bm_map_debug_tag_to_breakpoint_tag 0000000180045d80 f   sfc_debug:sfdb_breakpoints.obj
 0001:00044e60       sf_debug_bm_is_a_eml_breakpoint_impl 0000000180045e60 f   sfc_debug:sfdb_breakpoints.obj
 0001:000468e0       sf_debug_sc_push_on_error_stack 00000001800478e0 f   sfc_debug:sfdb_state_consistency.obj
 0001:00046a10       sf_debug_sc_reset_error_stack 0000000180047a10 f   sfc_debug:sfdb_state_consistency.obj
 0001:00046ba0       sf_debug_sc_is_state_inconsistent 0000000180047ba0 f   sfc_debug:sfdb_state_consistency.obj
 0001:00046ea0       sf_debug_sc_fill_consistency_info 0000000180047ea0 f   sfc_debug:sfdb_state_consistency.obj
 0001:00047480       void_assertion_fcn         0000000180048480 f   sfc_debug:sfdb_call_stack.obj
 0001:00047a00       sf_debug_tm_fill_local_trace 0000000180048a00 f   sfc_debug:sfdb_call_stack.obj
 0001:00047fd0       sf_debug_cd_terminate_instance 0000000180048fd0 f   sfc_debug:sfdb_cycle_detection.obj
 0001:00048030       sf_debug_cd_free_checksum_stack 0000000180049030 f   sfc_debug:sfdb_cycle_detection.obj
 0001:00048080       sf_debug_cd_reset_pack_strings 0000000180049080 f   sfc_debug:sfdb_cycle_detection.obj
 0001:00048740       md5file_clear              0000000180049740 f   sfc_debug:ckmd5.obj
 0001:00048770       Encode                     0000000180049770 f   sfc_debug:ckmd5.obj
 0001:000487c0       Decode                     00000001800497c0 f   sfc_debug:ckmd5.obj
 0001:00048860       MD5Transform               0000000180049860 f   sfc_debug:ckmd5.obj
 0001:000490b0       md5file_addn               000000018004a0b0 f   sfc_debug:ckmd5.obj
 0001:00049180       md5file_hash               000000018004a180 f   sfc_debug:ckmd5.obj
 0001:00049658       pre_c_init                 000000018004a658 f   MSVCRT:crtdll.obj
 0001:00049914       __DllMainCRTStartup        000000018004a914 f   MSVCRT:crtdll.obj
 0001:0004a020       __DllMainCRTStartup$filt$0 000000018004b020 f   MSVCRT:crtdll.obj
 0001:0004a050       __DllMainCRTStartup$fin$1  000000018004b050 f   MSVCRT:crtdll.obj
 0001:0004a06a       _onexit$fin$0              000000018004b06a f   MSVCRT:atonexit.obj
 0001:0004a090       _IsNonwritableInCurrentImage$filt$0 000000018004b090 f   MSVCRT:pesect.obj
